Archive member included to satisfy reference by file (symbol)

C:/msys64/mingw64/bin/../lib/gcc/arm-none-eabi/13.3.0/../../../../arm-none-eabi/lib/thumb/v7-m/nofp\libc_nano.a(libc_a-atexit.o)
                              C:/msys64/mingw64/bin/../lib/gcc/arm-none-eabi/13.3.0/../../../../arm-none-eabi/lib/thumb/v7-m/nofp/crt0.o (atexit)
C:/msys64/mingw64/bin/../lib/gcc/arm-none-eabi/13.3.0/../../../../arm-none-eabi/lib/thumb/v7-m/nofp\libc_nano.a(libc_a-exit.o)
                              C:/msys64/mingw64/bin/../lib/gcc/arm-none-eabi/13.3.0/../../../../arm-none-eabi/lib/thumb/v7-m/nofp/crt0.o (exit)
C:/msys64/mingw64/bin/../lib/gcc/arm-none-eabi/13.3.0/../../../../arm-none-eabi/lib/thumb/v7-m/nofp\libc_nano.a(libc_a-findfp.o)
                              C:/msys64/mingw64/bin/../lib/gcc/arm-none-eabi/13.3.0/../../../../arm-none-eabi/lib/thumb/v7-m/nofp\libc_nano.a(libc_a-exit.o) (__stdio_exit_handler)
C:/msys64/mingw64/bin/../lib/gcc/arm-none-eabi/13.3.0/../../../../arm-none-eabi/lib/thumb/v7-m/nofp\libc_nano.a(libc_a-fwalk.o)
                              C:/msys64/mingw64/bin/../lib/gcc/arm-none-eabi/13.3.0/../../../../arm-none-eabi/lib/thumb/v7-m/nofp\libc_nano.a(libc_a-findfp.o) (_fwalk_sglue)
C:/msys64/mingw64/bin/../lib/gcc/arm-none-eabi/13.3.0/../../../../arm-none-eabi/lib/thumb/v7-m/nofp\libc_nano.a(libc_a-stdio.o)
                              C:/msys64/mingw64/bin/../lib/gcc/arm-none-eabi/13.3.0/../../../../arm-none-eabi/lib/thumb/v7-m/nofp\libc_nano.a(libc_a-findfp.o) (__sread)
C:/msys64/mingw64/bin/../lib/gcc/arm-none-eabi/13.3.0/../../../../arm-none-eabi/lib/thumb/v7-m/nofp\libc_nano.a(libc_a-memset.o)
                              C:/msys64/mingw64/bin/../lib/gcc/arm-none-eabi/13.3.0/../../../../arm-none-eabi/lib/thumb/v7-m/nofp/crt0.o (memset)
C:/msys64/mingw64/bin/../lib/gcc/arm-none-eabi/13.3.0/../../../../arm-none-eabi/lib/thumb/v7-m/nofp\libc_nano.a(libc_a-closer.o)
                              C:/msys64/mingw64/bin/../lib/gcc/arm-none-eabi/13.3.0/../../../../arm-none-eabi/lib/thumb/v7-m/nofp\libc_nano.a(libc_a-stdio.o) (_close_r)
C:/msys64/mingw64/bin/../lib/gcc/arm-none-eabi/13.3.0/../../../../arm-none-eabi/lib/thumb/v7-m/nofp\libc_nano.a(libc_a-reent.o)
                              C:/msys64/mingw64/bin/../lib/gcc/arm-none-eabi/13.3.0/../../../../arm-none-eabi/lib/thumb/v7-m/nofp\libc_nano.a(libc_a-closer.o) (errno)
C:/msys64/mingw64/bin/../lib/gcc/arm-none-eabi/13.3.0/../../../../arm-none-eabi/lib/thumb/v7-m/nofp\libc_nano.a(libc_a-impure.o)
                              C:/msys64/mingw64/bin/../lib/gcc/arm-none-eabi/13.3.0/../../../../arm-none-eabi/lib/thumb/v7-m/nofp\libc_nano.a(libc_a-reent.o) (_impure_ptr)
C:/msys64/mingw64/bin/../lib/gcc/arm-none-eabi/13.3.0/../../../../arm-none-eabi/lib/thumb/v7-m/nofp\libc_nano.a(libc_a-lseekr.o)
                              C:/msys64/mingw64/bin/../lib/gcc/arm-none-eabi/13.3.0/../../../../arm-none-eabi/lib/thumb/v7-m/nofp\libc_nano.a(libc_a-stdio.o) (_lseek_r)
C:/msys64/mingw64/bin/../lib/gcc/arm-none-eabi/13.3.0/../../../../arm-none-eabi/lib/thumb/v7-m/nofp\libc_nano.a(libc_a-readr.o)
                              C:/msys64/mingw64/bin/../lib/gcc/arm-none-eabi/13.3.0/../../../../arm-none-eabi/lib/thumb/v7-m/nofp\libc_nano.a(libc_a-stdio.o) (_read_r)
C:/msys64/mingw64/bin/../lib/gcc/arm-none-eabi/13.3.0/../../../../arm-none-eabi/lib/thumb/v7-m/nofp\libc_nano.a(libc_a-writer.o)
                              C:/msys64/mingw64/bin/../lib/gcc/arm-none-eabi/13.3.0/../../../../arm-none-eabi/lib/thumb/v7-m/nofp\libc_nano.a(libc_a-stdio.o) (_write_r)
C:/msys64/mingw64/bin/../lib/gcc/arm-none-eabi/13.3.0/../../../../arm-none-eabi/lib/thumb/v7-m/nofp\libc_nano.a(libc_a-errno.o)
                              build/sysmem.o (__errno)
C:/msys64/mingw64/bin/../lib/gcc/arm-none-eabi/13.3.0/../../../../arm-none-eabi/lib/thumb/v7-m/nofp\libc_nano.a(libc_a-init.o)
                              C:/msys64/mingw64/bin/../lib/gcc/arm-none-eabi/13.3.0/../../../../arm-none-eabi/lib/thumb/v7-m/nofp/crt0.o (__libc_init_array)
C:/msys64/mingw64/bin/../lib/gcc/arm-none-eabi/13.3.0/../../../../arm-none-eabi/lib/thumb/v7-m/nofp\libc_nano.a(libc_a-fini.o)
                              C:/msys64/mingw64/bin/../lib/gcc/arm-none-eabi/13.3.0/../../../../arm-none-eabi/lib/thumb/v7-m/nofp/crt0.o (__libc_fini_array)
C:/msys64/mingw64/bin/../lib/gcc/arm-none-eabi/13.3.0/../../../../arm-none-eabi/lib/thumb/v7-m/nofp\libc_nano.a(libc_a-lock.o)
                              C:/msys64/mingw64/bin/../lib/gcc/arm-none-eabi/13.3.0/../../../../arm-none-eabi/lib/thumb/v7-m/nofp\libc_nano.a(libc_a-findfp.o) (__retarget_lock_init_recursive)
C:/msys64/mingw64/bin/../lib/gcc/arm-none-eabi/13.3.0/../../../../arm-none-eabi/lib/thumb/v7-m/nofp\libc_nano.a(libc_a-__atexit.o)
                              C:/msys64/mingw64/bin/../lib/gcc/arm-none-eabi/13.3.0/../../../../arm-none-eabi/lib/thumb/v7-m/nofp\libc_nano.a(libc_a-atexit.o) (__register_exitproc)
[...]
Memory Configuration

Name             Origin             Length             Attributes
RAM              0x20000000         0x0000c000         xrw
FLASH            0x08000000         0x00040000         xr
*default*        0x00000000         0xffffffff

Linker script and memory map

LOAD C:/msys64/mingw64/bin/../lib/gcc/arm-none-eabi/13.3.0/thumb/v7-m/nofp/crti.o
LOAD C:/msys64/mingw64/bin/../lib/gcc/arm-none-eabi/13.3.0/thumb/v7-m/nofp/crtbegin.o
LOAD C:/msys64/mingw64/bin/../lib/gcc/arm-none-eabi/13.3.0/../../../../arm-none-eabi/lib/thumb/v7-m/nofp/crt0.o
LOAD build/main.o
LOAD build/stm32f1xx_it.o
LOAD build/stm32f1xx_hal_msp.o
LOAD build/stm32f1xx_hal_gpio_ex.o
LOAD build/stm32f1xx_hal_tim.o
LOAD build/stm32f1xx_hal_tim_ex.o
LOAD build/stm32f1xx_hal_uart.o
LOAD build/stm32f1xx_hal.o
LOAD build/stm32f1xx_hal_rcc.o
LOAD build/stm32f1xx_hal_rcc_ex.o
LOAD build/stm32f1xx_hal_gpio.o
LOAD build/stm32f1xx_hal_dma.o
LOAD build/stm32f1xx_hal_cortex.o
LOAD build/stm32f1xx_hal_pwr.o
LOAD build/stm32f1xx_hal_flash.o
LOAD build/stm32f1xx_hal_flash_ex.o
LOAD build/stm32f1xx_hal_exti.o
LOAD build/system_stm32f1xx.o
LOAD build/sysmem.o
LOAD build/syscalls.o
LOAD build/pid.o
LOAD build/bsp_dwt.o
LOAD build/startup_stm32f103xe.o
LOAD C:/msys64/mingw64/bin/../lib/gcc/arm-none-eabi/13.3.0/../../../../arm-none-eabi/lib/thumb/v7-m/nofp\libc_nano.a
LOAD C:/msys64/mingw64/bin/../lib/gcc/arm-none-eabi/13.3.0/../../../../arm-none-eabi/lib/thumb/v7-m/nofp\libm.a
LOAD C:/msys64/mingw64/bin/../lib/gcc/arm-none-eabi/13.3.0/../../../../arm-none-eabi/lib/thumb/v7-m/nofp\libnosys.a
LOAD D:/VScode/Code/c_and_c++/homework/rm_big/source/motor_control/Motor_simulation/motor_simulationM3.lib
START GROUP
LOAD C:/msys64/mingw64/bin/../lib/gcc/arm-none-eabi/13.3.0/thumb/v7-m/nofp\libgcc.a
LOAD C:/msys64/mingw64/bin/../lib/gcc/arm-none-eabi/13.3.0/../../../../arm-none-eabi/lib/thumb/v7-m/nofp\libc_nano.a
END GROUP
START GROUP
LOAD C:/msys64/mingw64/bin/../lib/gcc/arm-none-eabi/13.3.0/thumb/v7-m/nofp\libgcc.a
LOAD C:/msys64/mingw64/bin/../lib/gcc/arm-none-eabi/13.3.0/../../../../arm-none-eabi/lib/thumb/v7-m/nofp\libc_nano.a
END GROUP
LOAD C:/msys64/mingw64/bin/../lib/gcc/arm-none-eabi/13.3.0/thumb/v7-m/nofp/crtend.o
LOAD C:/msys64/mingw64/bin/../lib/gcc/arm-none-eabi/13.3.0/thumb/v7-m/nofp/crtn.o
                0x2000c000                        _estack = (ORIGIN (RAM) + LENGTH (RAM))
                0x00000200                        _Min_Heap_Size = 0x200
                0x00000400                        _Min_Stack_Size = 0x400

.isr_vector     0x08000000      0x1e4
                0x08000000                        . = ALIGN (0x4)
 *(.isr_vector)
 .isr_vector    0x08000000      0x1e4 build/startup_stm32f103xe.o
                0x08000000                g_pfnVectors
                0x080001e4                        . = ALIGN (0x4)

.text           0x080001e4     0x14b8
                0x080001e4                        . = ALIGN (0x4)
 *(.text)
 .text          0x080001e4       0xa0 C:/msys64/mingw64/bin/../lib/gcc/arm-none-eabi/13.3.0/../../../../arm-none-eabi/lib/thumb/v7-m/nofp\libc_nano.a(libc_a-memset.o)
                0x080001e4                memset
 .text          0x08000284       0x50 C:/msys64/mingw64/bin/../lib/gcc/arm-none-eabi/13.3.0/../../../../arm-none-eabi/lib/thumb/v7-m/nofp\libc_nano.a(libc_a-init.o)
                0x08000284                __libc_init_array
 *(.text*)
 .text.__do_global_dtors_aux
                0x080002d4       0x24 C:/msys64/mingw64/bin/../lib/gcc/arm-none-eabi/13.3.0/thumb/v7-m/nofp/crtbegin.o
 .text.frame_dummy
                0x080002f8       0x1c C:/msys64/mingw64/bin/../lib/gcc/arm-none-eabi/13.3.0/thumb/v7-m/nofp/crtbegin.o
 .text.MX_GPIO_Init
                0x08000314       0x30 build/main.o
 .text.Error_Handler
                0x08000344        0x4 build/main.o
                0x08000344                Error_Handler
 .text.MX_USART1_UART_Init
                0x08000348       0x34 build/main.o
 .text.SystemClock_Config
                0x0800037c       0x64 build/main.o
                0x0800037c                SystemClock_Config
 .text.main     0x080003e0       0x24 build/main.o
                0x080003e0                main
 .text.NMI_Handler
                0x08000404        0x2 build/stm32f1xx_it.o
                0x08000404                NMI_Handler
 .text.HardFault_Handler
                0x08000406        0x2 build/stm32f1xx_it.o
                0x08000406                HardFault_Handler
 .text.MemManage_Handler
                0x08000408        0x2 build/stm32f1xx_it.o
                0x08000408                MemManage_Handler
 .text.BusFault_Handler
                0x0800040a        0x2 build/stm32f1xx_it.o
                0x0800040a                BusFault_Handler
 .text.UsageFault_Handler
                0x0800040c        0x2 build/stm32f1xx_it.o
                0x0800040c                UsageFault_Handler
 .text.SVC_Handler
                0x0800040e        0x2 build/stm32f1xx_it.o
                0x0800040e                SVC_Handler
 .text.DebugMon_Handler
                0x08000410        0x2 build/stm32f1xx_it.o
                0x08000410                DebugMon_Handler
 .text.PendSV_Handler
                0x08000412        0x2 build/stm32f1xx_it.o
                0x08000412                PendSV_Handler
 .text.SysTick_Handler
                0x08000414        0x8 build/stm32f1xx_it.o
                0x08000414                SysTick_Handler
 .text.USART1_IRQHandler
                0x0800041c       0x10 build/stm32f1xx_it.o
                0x0800041c                USART1_IRQHandler
 .text.HAL_MspInit
                0x0800042c       0x44 build/stm32f1xx_hal_msp.o
                0x0800042c                HAL_MspInit
 .text.HAL_UART_MspInit
                0x08000470       0x88 build/stm32f1xx_hal_msp.o
                0x08000470                HAL_UART_MspInit
 .text.UART_EndRxTransfer
                0x080004f8       0x5c build/stm32f1xx_hal_uart.o
 .text.UART_Transmit_IT
                0x08000554       0x60 build/stm32f1xx_hal_uart.o
 .text.UART_SetConfig
                0x080005b4       0x94 build/stm32f1xx_hal_uart.o
 .text.HAL_UART_Init
                0x08000648       0x60 build/stm32f1xx_hal_uart.o
                0x08000648                HAL_UART_Init
 .text.HAL_UART_TxCpltCallback
                0x080006a8        0x2 build/stm32f1xx_hal_uart.o
                0x080006a8                HAL_UART_TxCpltCallback
 .text.UART_EndTransmit_IT
                0x080006aa       0x1a build/stm32f1xx_hal_uart.o
 .text.HAL_UART_RxCpltCallback
                0x080006c4        0x2 build/stm32f1xx_hal_uart.o
                0x080006c4                HAL_UART_RxCpltCallback
 .text.HAL_UART_ErrorCallback
                0x080006c6        0x2 build/stm32f1xx_hal_uart.o
                0x080006c6                HAL_UART_ErrorCallback
 .text.UART_DMAAbortOnError
                0x080006c8       0x10 build/stm32f1xx_hal_uart.o
 .text.HAL_UARTEx_RxEventCallback
                0x080006d8        0x2 build/stm32f1xx_hal_uart.o
                0x080006d8                HAL_UARTEx_RxEventCallback
 .text.UART_Receive_IT
                0x080006da       0xe6 build/stm32f1xx_hal_uart.o
 .text.HAL_UART_IRQHandler
                0x080007c0      0x284 build/stm32f1xx_hal_uart.o
                0x080007c0                HAL_UART_IRQHandler
 .text.HAL_InitTick
                0x08000a44       0x4c build/stm32f1xx_hal.o
                0x08000a44                HAL_InitTick
 .text.HAL_Init
                0x08000a90       0x24 build/stm32f1xx_hal.o
                0x08000a90                HAL_Init
 .text.HAL_IncTick
                0x08000ab4       0x18 build/stm32f1xx_hal.o
                0x08000ab4                HAL_IncTick
 .text.HAL_GetTick
                0x08000acc        0xc build/stm32f1xx_hal.o
                0x08000acc                HAL_GetTick
 .text.RCC_Delay
                0x08000ad8       0x2c build/stm32f1xx_hal_rcc.o
 .text.HAL_RCC_OscConfig
                0x08000b04      0x410 build/stm32f1xx_hal_rcc.o
                0x08000b04                HAL_RCC_OscConfig
 .text.HAL_RCC_GetSysClockFreq
                0x08000f14       0x54 build/stm32f1xx_hal_rcc.o
                0x08000f14                HAL_RCC_GetSysClockFreq
 .text.HAL_RCC_ClockConfig
                0x08000f68      0x16c build/stm32f1xx_hal_rcc.o
                0x08000f68                HAL_RCC_ClockConfig
 .text.HAL_RCC_GetHCLKFreq
                0x080010d4        0xc build/stm32f1xx_hal_rcc.o
                0x080010d4                HAL_RCC_GetHCLKFreq
 .text.HAL_RCC_GetPCLK1Freq
                0x080010e0       0x20 build/stm32f1xx_hal_rcc.o
                0x080010e0                HAL_RCC_GetPCLK1Freq
 .text.HAL_RCC_GetPCLK2Freq
                0x08001100       0x20 build/stm32f1xx_hal_rcc.o
                0x08001100                HAL_RCC_GetPCLK2Freq
 .text.HAL_GPIO_Init
                0x08001120      0x238 build/stm32f1xx_hal_gpio.o
                0x08001120                HAL_GPIO_Init
 .text.HAL_DMA_Abort
                0x08001358       0x46 build/stm32f1xx_hal_dma.o
                0x08001358                HAL_DMA_Abort
 *fill*         0x0800139e        0x2 
 .text.HAL_DMA_Abort_IT
                0x080013a0      0x16c build/stm32f1xx_hal_dma.o
                0x080013a0                HAL_DMA_Abort_IT
 .text.__NVIC_SetPriority
                0x0800150c       0x28 build/stm32f1xx_hal_cortex.o
 .text.NVIC_EncodePriority
                0x08001534       0x3e build/stm32f1xx_hal_cortex.o
 *fill*         0x08001572        0x2 
 .text.HAL_NVIC_SetPriorityGrouping
                0x08001574       0x24 build/stm32f1xx_hal_cortex.o
                0x08001574                HAL_NVIC_SetPriorityGrouping
 .text.HAL_NVIC_SetPriority
                0x08001598       0x20 build/stm32f1xx_hal_cortex.o
                0x08001598                HAL_NVIC_SetPriority
 .text.HAL_NVIC_EnableIRQ
                0x080015b8       0x1c build/stm32f1xx_hal_cortex.o
                0x080015b8                HAL_NVIC_EnableIRQ
 .text.HAL_SYSTICK_Config
                0x080015d4       0x28 build/stm32f1xx_hal_cortex.o
                0x080015d4                HAL_SYSTICK_Config
 .text.SystemInit
                0x080015fc        0x2 build/system_stm32f1xx.o
                0x080015fc                SystemInit
 *fill*         0x080015fe        0x2 
 .text.DWT_Init
                0x08001600       0x38 build/bsp_dwt.o
                0x08001600                DWT_Init
 .text.Reset_Handler
                0x08001638       0x48 build/startup_stm32f103xe.o
                0x08001638                Reset_Handler
 .text.Default_Handler
                0x08001680        0x2 build/startup_stm32f103xe.o
                0x08001680                RTC_Alarm_IRQHandler
                0x08001680                EXTI2_IRQHandler
                0x08001680                TIM8_TRG_COM_IRQHandler
                0x08001680                TIM8_CC_IRQHandler
                0x08001680                TIM1_CC_IRQHandler
                0x08001680                TIM6_IRQHandler
                0x08001680                PVD_IRQHandler
                0x08001680                SDIO_IRQHandler
                0x08001680                EXTI3_IRQHandler
                0x08001680                EXTI0_IRQHandler
                0x08001680                I2C2_EV_IRQHandler
                0x08001680                ADC1_2_IRQHandler
                0x08001680                SPI1_IRQHandler
                0x08001680                TAMPER_IRQHandler
                0x08001680                TIM8_UP_IRQHandler
                0x08001680                DMA2_Channel2_IRQHandler
                0x08001680                DMA1_Channel4_IRQHandler
                0x08001680                USART3_IRQHandler
                0x08001680                RTC_IRQHandler
                0x08001680                DMA1_Channel7_IRQHandler
                0x08001680                CAN1_RX1_IRQHandler
                0x08001680                UART5_IRQHandler
                0x08001680                ADC3_IRQHandler
                0x08001680                TIM4_IRQHandler
                0x08001680                DMA2_Channel1_IRQHandler
                0x08001680                I2C1_EV_IRQHandler
                0x08001680                DMA1_Channel6_IRQHandler
                0x08001680                UART4_IRQHandler
                0x08001680                TIM3_IRQHandler
                0x08001680                RCC_IRQHandler
                0x08001680                TIM1_TRG_COM_IRQHandler
                0x08001680                DMA1_Channel1_IRQHandler
                0x08001680                Default_Handler
                0x08001680                EXTI15_10_IRQHandler
                0x08001680                TIM7_IRQHandler
                0x08001680                TIM5_IRQHandler
                0x08001680                EXTI9_5_IRQHandler
                0x08001680                SPI2_IRQHandler
                0x08001680                DMA1_Channel5_IRQHandler
                0x08001680                EXTI4_IRQHandler
                0x08001680                USB_LP_CAN1_RX0_IRQHandler
                0x08001680                USB_HP_CAN1_TX_IRQHandler
                0x08001680                DMA1_Channel3_IRQHandler
                0x08001680                FSMC_IRQHandler
                0x08001680                TIM1_UP_IRQHandler
                0x08001680                WWDG_IRQHandler
                0x08001680                TIM2_IRQHandler
                0x08001680                TIM1_BRK_IRQHandler
                0x08001680                EXTI1_IRQHandler
                0x08001680                DMA2_Channel4_5_IRQHandler
                0x08001680                USART2_IRQHandler
                0x08001680                I2C2_ER_IRQHandler
                0x08001680                DMA1_Channel2_IRQHandler
                0x08001680                TIM8_BRK_IRQHandler
                0x08001680                CAN1_SCE_IRQHandler
                0x08001680                FLASH_IRQHandler
                0x08001680                SPI3_IRQHandler
                0x08001680                I2C1_ER_IRQHandler
                0x08001680                USBWakeUp_IRQHandler
                0x08001680                DMA2_Channel3_IRQHandler
 *(.glue_7)
 .glue_7        0x08001682        0x0 linker stubs
 *(.glue_7t)
 .glue_7t       0x08001682        0x0 linker stubs
 *(.eh_frame)
 *fill*         0x08001682        0x2 
 .eh_frame      0x08001684        0x0 C:/msys64/mingw64/bin/../lib/gcc/arm-none-eabi/13.3.0/thumb/v7-m/nofp/crtbegin.o
 *(.init)
 .init          0x08001684        0x4 C:/msys64/mingw64/bin/../lib/gcc/arm-none-eabi/13.3.0/thumb/v7-m/nofp/crti.o
                0x08001684                _init
 .init          0x08001688        0x8 C:/msys64/mingw64/bin/../lib/gcc/arm-none-eabi/13.3.0/thumb/v7-m/nofp/crtn.o
 *(.fini)
 .fini          0x08001690        0x4 C:/msys64/mingw64/bin/../lib/gcc/arm-none-eabi/13.3.0/thumb/v7-m/nofp/crti.o
                0x08001690                _fini
 .fini          0x08001694        0x8 C:/msys64/mingw64/bin/../lib/gcc/arm-none-eabi/13.3.0/thumb/v7-m/nofp/crtn.o
                0x0800169c                        . = ALIGN (0x4)
                0x0800169c                        _etext = .

.vfp11_veneer   0x0800169c        0x0
 .vfp11_veneer  0x0800169c        0x0 linker stubs

.v4_bx          0x0800169c        0x0
 .v4_bx         0x0800169c        0x0 linker stubs

.iplt           0x0800169c        0x0
 .iplt          0x0800169c        0x0 C:/msys64/mingw64/bin/../lib/gcc/arm-none-eabi/13.3.0/thumb/v7-m/nofp/crtbegin.o

i.Motor_Object_Init
                0x0800169c       0x50
 i.Motor_Object_Init
                0x0800169c       0x50 D:/VScode/Code/c_and_c++/homework/rm_big/source/motor_control/Motor_simulation/motor_simulationM3.lib(motor_simulation.o)
                0x0800169c                Motor_Object_Init

.rodata         0x080016ec       0x2c
                0x080016ec                        . = ALIGN (0x4)
 *(.rodata)
 *(.rodata*)
 .rodata.aPredivFactorTable.0
                0x080016ec        0x2 build/stm32f1xx_hal_rcc.o
 *fill*         0x080016ee        0x2 
 .rodata.aPLLMULFactorTable.1
                0x080016f0       0x10 build/stm32f1xx_hal_rcc.o
 .rodata.APBPrescTable
                0x08001700        0x8 build/system_stm32f1xx.o
                0x08001700                APBPrescTable
 .rodata.AHBPrescTable
                0x08001708       0x10 build/system_stm32f1xx.o
                0x08001708                AHBPrescTable
                0x08001718                        . = ALIGN (0x4)

.rel.dyn        0x08001718        0x0
 .rel.iplt      0x08001718        0x0 C:/msys64/mingw64/bin/../lib/gcc/arm-none-eabi/13.3.0/thumb/v7-m/nofp/crtbegin.o

.ARM.extab
 *(.ARM.extab* .gnu.linkonce.armextab.*)

.ARM            0x08001718        0x0
                0x08001718                        __exidx_start = .
 *(.ARM.exidx*)
                0x08001718                        __exidx_end = .

.preinit_array  0x08001718        0x0
                0x08001718                        PROVIDE (__preinit_array_start = .)
 *(.preinit_array*)
                0x08001718                        PROVIDE (__preinit_array_end = .)

.init_array     0x08001718        0x4
                0x08001718                        PROVIDE (__init_array_start = .)
 *(SORT_BY_NAME(.init_array.*))
 *(.init_array*)
 .init_array    0x08001718        0x4 C:/msys64/mingw64/bin/../lib/gcc/arm-none-eabi/13.3.0/thumb/v7-m/nofp/crtbegin.o
                0x0800171c                        PROVIDE (__init_array_end = .)

.fini_array     0x0800171c        0x4
                0x0800171c                        PROVIDE (__fini_array_start = .)
 *(SORT_BY_NAME(.fini_array.*))
 *(.fini_array*)
 .fini_array    0x0800171c        0x4 C:/msys64/mingw64/bin/../lib/gcc/arm-none-eabi/13.3.0/thumb/v7-m/nofp/crtbegin.o
                0x08001720                        PROVIDE (__fini_array_end = .)
                0x08001720                        _sidata = LOADADDR (.data)

.data           0x20000000        0xc load address 0x08001720
                0x20000000                        . = ALIGN (0x4)
                0x20000000                        _sdata = .
 *(.data)
 *(.data*)
 .data.uwTickFreq
                0x20000000        0x1 build/stm32f1xx_hal.o
                0x20000000                uwTickFreq
 *fill*         0x20000001        0x3 
 .data.uwTickPrio
                0x20000004        0x4 build/stm32f1xx_hal.o
                0x20000004                uwTickPrio
 .data.SystemCoreClock
                0x20000008        0x4 build/system_stm32f1xx.o
                0x20000008                SystemCoreClock
                0x2000000c                        . = ALIGN (0x4)
                0x2000000c                        _edata = .

.igot.plt       0x2000000c        0x0 load address 0x0800172c
 .igot.plt      0x2000000c        0x0 C:/msys64/mingw64/bin/../lib/gcc/arm-none-eabi/13.3.0/thumb/v7-m/nofp/crtbegin.o
                0x2000000c                        . = ALIGN (0x4)

.bss            0x2000000c       0xbc load address 0x0800172c
                0x2000000c                        _sbss = .
                0x2000000c                        __bss_start__ = _sbss
 *(.bss)
 *(.bss*)
 .bss.completed.1
                0x2000000c        0x1 C:/msys64/mingw64/bin/../lib/gcc/arm-none-eabi/13.3.0/thumb/v7-m/nofp/crtbegin.o
 *fill*         0x2000000d        0x3 
 .bss.object.0  0x20000010       0x18 C:/msys64/mingw64/bin/../lib/gcc/arm-none-eabi/13.3.0/thumb/v7-m/nofp/crtbegin.o
 .bss.Motor     0x20000028       0x50 build/main.o
                0x20000028                Motor
 .bss.huart1    0x20000078       0x48 build/main.o
                0x20000078                huart1
 .bss.uwTick    0x200000c0        0x4 build/stm32f1xx_hal.o
                0x200000c0                uwTick
 .bss.CPU_FREQ_Hz
                0x200000c4        0x4 build/bsp_dwt.o
                0x200000c4                CPU_FREQ_Hz
 *(COMMON)
                0x200000c8                        . = ALIGN (0x4)
                0x200000c8                        _ebss = .
                0x200000c8                        __bss_end__ = _ebss

._user_heap_stack
                0x200000c8      0x600 load address 0x0800172c
                0x200000c8                        . = ALIGN (0x8)
                [!provide]                        PROVIDE (end = .)
                0x200000c8                        PROVIDE (_end = .)
                0x200002c8                        . = (. + _Min_Heap_Size)
 *fill*         0x200000c8      0x200 
                0x200006c8                        . = (. + _Min_Stack_Size)
 *fill*         0x200002c8      0x400 
                0x200006c8                        . = ALIGN (0x8)

/DISCARD/
 libc.a(*)
 libm.a(*)
 libgcc.a(*)

.ARM.attributes
                0x00000000       0x2b
 *(.ARM.attributes)
 .ARM.attributes
                0x00000000       0x1d C:/msys64/mingw64/bin/../lib/gcc/arm-none-eabi/13.3.0/thumb/v7-m/nofp/crti.o
 .ARM.attributes
                0x0000001d       0x2d C:/msys64/mingw64/bin/../lib/gcc/arm-none-eabi/13.3.0/thumb/v7-m/nofp/crtbegin.o
 .ARM.attributes
                0x0000004a       0x2d build/main.o
 .ARM.attributes
                0x00000077       0x2d build/stm32f1xx_it.o
 .ARM.attributes
                0x000000a4       0x2d build/stm32f1xx_hal_msp.o
 .ARM.attributes
                0x000000d1       0x2d build/stm32f1xx_hal_uart.o
 .ARM.attributes
                0x000000fe       0x2d build/stm32f1xx_hal.o
 .ARM.attributes
                0x0000012b       0x2d build/stm32f1xx_hal_rcc.o
 .ARM.attributes
                0x00000158       0x2d build/stm32f1xx_hal_gpio.o
 .ARM.attributes
                0x00000185       0x2d build/stm32f1xx_hal_dma.o
 .ARM.attributes
                0x000001b2       0x2d build/stm32f1xx_hal_cortex.o
 .ARM.attributes
                0x000001df       0x2d build/system_stm32f1xx.o
 .ARM.attributes
                0x0000020c       0x2d build/bsp_dwt.o
 .ARM.attributes
                0x00000239       0x21 build/startup_stm32f103xe.o
 .ARM.attributes
                0x0000025a       0x2d C:/msys64/mingw64/bin/../lib/gcc/arm-none-eabi/13.3.0/../../../../arm-none-eabi/lib/thumb/v7-m/nofp\libc_nano.a(libc_a-memset.o)
 .ARM.attributes
                0x00000287       0x2d C:/msys64/mingw64/bin/../lib/gcc/arm-none-eabi/13.3.0/../../../../arm-none-eabi/lib/thumb/v7-m/nofp\libc_nano.a(libc_a-init.o)
 .ARM.attributes
                0x000002b4       0x48 D:/VScode/Code/c_and_c++/homework/rm_big/source/motor_control/Motor_simulation/motor_simulationM3.lib(motor_simulation.o)
 .ARM.attributes
                0x000002fc       0x1d C:/msys64/mingw64/bin/../lib/gcc/arm-none-eabi/13.3.0/thumb/v7-m/nofp/crtn.o
OUTPUT(build/motor_control.elf elf32-littlearm)
LOAD linker stubs
LOAD C:/msys64/mingw64/bin/../lib/gcc/arm-none-eabi/13.3.0/../../../../arm-none-eabi/lib/thumb/v7-m/nofp\libc.a
LOAD C:/msys64/mingw64/bin/../lib/gcc/arm-none-eabi/13.3.0/../../../../arm-none-eabi/lib/thumb/v7-m/nofp\libm.a
LOAD C:/msys64/mingw64/bin/../lib/gcc/arm-none-eabi/13.3.0/thumb/v7-m/nofp\libgcc.a

.debug_info     0x00000000     0xb5a4
 .debug_info    0x00000000      0xca8 build/main.o
 .debug_info    0x00000ca8      0x6f9 build/stm32f1xx_it.o
 .debug_info    0x000013a1      0xbcd build/stm32f1xx_hal_msp.o
 .debug_info    0x00001f6e     0x430f build/stm32f1xx_hal_uart.o
 .debug_info    0x0000627d      0x8e6 build/stm32f1xx_hal.o
 .debug_info    0x00006b63      0xb10 build/stm32f1xx_hal_rcc.o
 .debug_info    0x00007673      0x6d7 build/stm32f1xx_hal_gpio.o
 .debug_info    0x00007d4a      0x8d4 build/stm32f1xx_hal_dma.o
 .debug_info    0x0000861e      0xea5 build/stm32f1xx_hal_cortex.o
 .debug_info    0x000094c3      0x26e build/system_stm32f1xx.o
 .debug_info    0x00009731      0x35f build/bsp_dwt.o
 .debug_info    0x00009a90       0x30 build/startup_stm32f103xe.o
 .debug_info    0x00009ac0      0x135 C:/msys64/mingw64/bin/../lib/gcc/arm-none-eabi/13.3.0/../../../../arm-none-eabi/lib/thumb/v7-m/nofp\libc_nano.a(libc_a-memset.o)
 .debug_info    0x00009bf5      0x10b C:/msys64/mingw64/bin/../lib/gcc/arm-none-eabi/13.3.0/../../../../arm-none-eabi/lib/thumb/v7-m/nofp\libc_nano.a(libc_a-init.o)
 .debug_info    0x00009d00       0xc4 D:/VScode/Code/c_and_c++/homework/rm_big/source/motor_control/Motor_simulation/motor_simulationM3.lib(motor_simulation.o)
 .debug_info    0x00009dc4       0xfc D:/VScode/Code/c_and_c++/homework/rm_big/source/motor_control/Motor_simulation/motor_simulationM3.lib(motor_simulation.o)
 .debug_info    0x00009ec0      0x13c D:/VScode/Code/c_and_c++/homework/rm_big/source/motor_control/Motor_simulation/motor_simulationM3.lib(motor_simulation.o)
 .debug_info    0x00009ffc      0x13c D:/VScode/Code/c_and_c++/homework/rm_big/source/motor_control/Motor_simulation/motor_simulationM3.lib(motor_simulation.o)
 .debug_info    0x0000a138      0x16c D:/VScode/Code/c_and_c++/homework/rm_big/source/motor_control/Motor_simulation/motor_simulationM3.lib(motor_simulation.o)
 .debug_info    0x0000a2a4      0x118 D:/VScode/Code/c_and_c++/homework/rm_big/source/motor_control/Motor_simulation/motor_simulationM3.lib(motor_simulation.o)
 .debug_info    0x0000a3bc      0x11c D:/VScode/Code/c_and_c++/homework/rm_big/source/motor_control/Motor_simulation/motor_simulationM3.lib(motor_simulation.o)
 .debug_info    0x0000a4d8      0x118 D:/VScode/Code/c_and_c++/homework/rm_big/source/motor_control/Motor_simulation/motor_simulationM3.lib(motor_simulation.o)
 .debug_info    0x0000a5f0      0x30c D:/VScode/Code/c_and_c++/homework/rm_big/source/motor_control/Motor_simulation/motor_simulationM3.lib(motor_simulation.o)
                0x0000a5f0                __ARM_grp..debug_info$stdint.h$.2_8G1000_iVMQGGhr3g5_300000
                0x0000a5f0                __ARM_grp.stdint.h.2_8G1000_iVMQGGhr3g5_300000
 .debug_info    0x0000a8fc      0x2c8 D:/VScode/Code/c_and_c++/homework/rm_big/source/motor_control/Motor_simulation/motor_simulationM3.lib(motor_simulation.o)
                0x0000a8fc                __ARM_grp..debug_info$stdlib.h$.2_AV0000_0_hgF4meTA6_300000
                0x0000a8fc                __ARM_grp.stdlib.h.2_AV0000_0_hgF4meTA6_300000
 .debug_info    0x0000abc4      0x5ac D:/VScode/Code/c_and_c++/homework/rm_big/source/motor_control/Motor_simulation/motor_simulationM3.lib(motor_simulation.o)
                0x0000abc4                __ARM_grp.math.h.2_FA3000_TchhkGiMi$e_700000
                0x0000abc4                __ARM_grp..debug_info$math.h$.2_FA3000_TchhkGiMi$e_700000
 .debug_info    0x0000b170      0x228 D:/VScode/Code/c_and_c++/homework/rm_big/source/motor_control/Motor_simulation/motor_simulationM3.lib(motor_simulation.o)
                0x0000b170                __ARM_grp..debug_info$motor_simulation.h$.2_QD0000_GJAm99c4135_300000
                0x0000b170                __ARM_grp.motor_simulation.h.2_QD0000_GJAm99c4135_300000
 .debug_info    0x0000b398      0x150 D:/VScode/Code/c_and_c++/homework/rm_big/source/motor_control/Motor_simulation/motor_simulationM3.lib(motor_simulation.o)
                0x0000b398                __ARM_grp..debug_info$motor_simulation.c$.2_UI0000_ynNuPqWoOo8_700000
                0x0000b398                __ARM_grp.motor_simulation.c.2_UI0000_ynNuPqWoOo8_700000
 .debug_info    0x0000b4e8       0xbc D:/VScode/Code/c_and_c++/homework/rm_big/source/motor_control/Motor_simulation/motor_simulationM3.lib(motor_simulation.o)
                0x0000b4e8                __ARM_grp..debug_info$fabsf$.2_oT0000_wJ9jF93aDp2_500000
                0x0000b4e8                __ARM_grp.fabsf.2_oT0000_wJ9jF93aDp2_500000

.debug_abbrev   0x00000000     0x2028
 .debug_abbrev  0x00000000      0x27c build/main.o
 .debug_abbrev  0x0000027c      0x172 build/stm32f1xx_it.o
 .debug_abbrev  0x000003ee      0x1f3 build/stm32f1xx_hal_msp.o
 .debug_abbrev  0x000005e1      0x35f build/stm32f1xx_hal_uart.o
 .debug_abbrev  0x00000940      0x232 build/stm32f1xx_hal.o
 .debug_abbrev  0x00000b72      0x2d6 build/stm32f1xx_hal_rcc.o
 .debug_abbrev  0x00000e48      0x222 build/stm32f1xx_hal_gpio.o
 .debug_abbrev  0x0000106a      0x261 build/stm32f1xx_hal_dma.o
 .debug_abbrev  0x000012cb      0x3aa build/stm32f1xx_hal_cortex.o
 .debug_abbrev  0x00001675      0x140 build/system_stm32f1xx.o
 .debug_abbrev  0x000017b5      0x132 build/bsp_dwt.o
 .debug_abbrev  0x000018e7       0x1d build/startup_stm32f103xe.o
 .debug_abbrev  0x00001904       0xb7 C:/msys64/mingw64/bin/../lib/gcc/arm-none-eabi/13.3.0/../../../../arm-none-eabi/lib/thumb/v7-m/nofp\libc_nano.a(libc_a-memset.o)
 .debug_abbrev  0x000019bb       0xc9 C:/msys64/mingw64/bin/../lib/gcc/arm-none-eabi/13.3.0/../../../../arm-none-eabi/lib/thumb/v7-m/nofp\libc_nano.a(libc_a-init.o)
 .debug_abbrev  0x00001a84      0x5a4 D:/VScode/Code/c_and_c++/homework/rm_big/source/motor_control/Motor_simulation/motor_simulationM3.lib(motor_simulation.o)
                0x00001a84                __ARM_grp..debug_abbrev.group.2_Am0000_lbphKItke$2_000000

.debug_loc      0x00000000     0x7732
 .debug_loc     0x00000000       0xb2 build/main.o
 .debug_loc     0x000000b2       0x40 build/stm32f1xx_it.o
 .debug_loc     0x000000f2      0x141 build/stm32f1xx_hal_msp.o
 .debug_loc     0x00000233     0x4ff4 build/stm32f1xx_hal_uart.o
 .debug_loc     0x00005227      0x1f9 build/stm32f1xx_hal.o
 .debug_loc     0x00005420      0x7c6 build/stm32f1xx_hal_rcc.o
 .debug_loc     0x00005be6      0x56c build/stm32f1xx_hal_gpio.o
 .debug_loc     0x00006152      0x98d build/stm32f1xx_hal_dma.o
 .debug_loc     0x00006adf      0x8b4 build/stm32f1xx_hal_cortex.o
 .debug_loc     0x00007393      0x11b build/system_stm32f1xx.o
 .debug_loc     0x000074ae       0xb0 build/bsp_dwt.o
 .debug_loc     0x0000755e       0x28 D:/VScode/Code/c_and_c++/homework/rm_big/source/motor_control/Motor_simulation/motor_simulationM3.lib(motor_simulation.o)
 .debug_loc     0x00007586       0x40 D:/VScode/Code/c_and_c++/homework/rm_big/source/motor_control/Motor_simulation/motor_simulationM3.lib(motor_simulation.o)
 .debug_loc     0x000075c6       0x48 D:/VScode/Code/c_and_c++/homework/rm_big/source/motor_control/Motor_simulation/motor_simulationM3.lib(motor_simulation.o)
 .debug_loc     0x0000760e       0xac D:/VScode/Code/c_and_c++/homework/rm_big/source/motor_control/Motor_simulation/motor_simulationM3.lib(motor_simulation.o)
 .debug_loc     0x000076ba       0x28 D:/VScode/Code/c_and_c++/homework/rm_big/source/motor_control/Motor_simulation/motor_simulationM3.lib(motor_simulation.o)
 .debug_loc     0x000076e2       0x28 D:/VScode/Code/c_and_c++/homework/rm_big/source/motor_control/Motor_simulation/motor_simulationM3.lib(motor_simulation.o)
 .debug_loc     0x0000770a       0x28 D:/VScode/Code/c_and_c++/homework/rm_big/source/motor_control/Motor_simulation/motor_simulationM3.lib(motor_simulation.o)

.debug_aranges  0x00000000      0x6a0
 .debug_aranges
                0x00000000       0x40 build/main.o
 .debug_aranges
                0x00000040       0x68 build/stm32f1xx_it.o
 .debug_aranges
                0x000000a8       0x30 build/stm32f1xx_hal_msp.o
 .debug_aranges
                0x000000d8      0x208 build/stm32f1xx_hal_uart.o
 .debug_aranges
                0x000002e0       0xe0 build/stm32f1xx_hal.o
 .debug_aranges
                0x000003c0       0x90 build/stm32f1xx_hal_rcc.o
 .debug_aranges
                0x00000450       0x58 build/stm32f1xx_hal_gpio.o
 .debug_aranges
                0x000004a8       0x80 build/stm32f1xx_hal_dma.o
 .debug_aranges
                0x00000528       0xc0 build/stm32f1xx_hal_cortex.o
 .debug_aranges
                0x000005e8       0x28 build/system_stm32f1xx.o
 .debug_aranges
                0x00000610       0x28 build/bsp_dwt.o
 .debug_aranges
                0x00000638       0x28 build/startup_stm32f103xe.o
 .debug_aranges
                0x00000660       0x20 C:/msys64/mingw64/bin/../lib/gcc/arm-none-eabi/13.3.0/../../../../arm-none-eabi/lib/thumb/v7-m/nofp\libc_nano.a(libc_a-memset.o)
 .debug_aranges
                0x00000680       0x20 C:/msys64/mingw64/bin/../lib/gcc/arm-none-eabi/13.3.0/../../../../arm-none-eabi/lib/thumb/v7-m/nofp\libc_nano.a(libc_a-init.o)

.debug_ranges   0x00000000      0x5e0
 .debug_ranges  0x00000000       0x30 build/main.o
 .debug_ranges  0x00000030       0x58 build/stm32f1xx_it.o
 .debug_ranges  0x00000088       0x20 build/stm32f1xx_hal_msp.o
 .debug_ranges  0x000000a8      0x210 build/stm32f1xx_hal_uart.o
 .debug_ranges  0x000002b8       0xd0 build/stm32f1xx_hal.o
 .debug_ranges  0x00000388       0xa0 build/stm32f1xx_hal_rcc.o
 .debug_ranges  0x00000428       0x48 build/stm32f1xx_hal_gpio.o
 .debug_ranges  0x00000470       0x70 build/stm32f1xx_hal_dma.o
 .debug_ranges  0x000004e0       0xb0 build/stm32f1xx_hal_cortex.o
 .debug_ranges  0x00000590       0x18 build/system_stm32f1xx.o
 .debug_ranges  0x000005a8       0x18 build/bsp_dwt.o
 .debug_ranges  0x000005c0       0x20 build/startup_stm32f103xe.o

.debug_line     0x00000000     0x7597
 .debug_line    0x00000000      0x379 build/main.o
 .debug_line    0x00000379      0x254 build/stm32f1xx_it.o
 .debug_line    0x000005cd      0x263 build/stm32f1xx_hal_msp.o
 .debug_line    0x00000830     0x3441 build/stm32f1xx_hal_uart.o
 .debug_line    0x00003c71      0x4d0 build/stm32f1xx_hal.o
 .debug_line    0x00004141      0xc4c build/stm32f1xx_hal_rcc.o
 .debug_line    0x00004d8d      0x59a build/stm32f1xx_hal_gpio.o
 .debug_line    0x00005327      0xf8c build/stm32f1xx_hal_dma.o
 .debug_line    0x000062b3      0x649 build/stm32f1xx_hal_cortex.o
 .debug_line    0x000068fc      0x1e7 build/system_stm32f1xx.o
 .debug_line    0x00006ae3      0x151 build/bsp_dwt.o
 .debug_line    0x00006c34       0x72 build/startup_stm32f103xe.o
 .debug_line    0x00006ca6      0x1cd C:/msys64/mingw64/bin/../lib/gcc/arm-none-eabi/13.3.0/../../../../arm-none-eabi/lib/thumb/v7-m/nofp\libc_nano.a(libc_a-memset.o)
 .debug_line    0x00006e73      0x144 C:/msys64/mingw64/bin/../lib/gcc/arm-none-eabi/13.3.0/../../../../arm-none-eabi/lib/thumb/v7-m/nofp\libc_nano.a(libc_a-init.o)
 .debug_line    0x00006fb7       0x40 D:/VScode/Code/c_and_c++/homework/rm_big/source/motor_control/Motor_simulation/motor_simulationM3.lib(motor_simulation.o)
 .debug_line    0x00006ff7       0x7c D:/VScode/Code/c_and_c++/homework/rm_big/source/motor_control/Motor_simulation/motor_simulationM3.lib(motor_simulation.o)
 .debug_line    0x00007073       0x64 D:/VScode/Code/c_and_c++/homework/rm_big/source/motor_control/Motor_simulation/motor_simulationM3.lib(motor_simulation.o)
 .debug_line    0x000070d7       0x8c D:/VScode/Code/c_and_c++/homework/rm_big/source/motor_control/Motor_simulation/motor_simulationM3.lib(motor_simulation.o)
 .debug_line    0x00007163       0xe4 D:/VScode/Code/c_and_c++/homework/rm_big/source/motor_control/Motor_simulation/motor_simulationM3.lib(motor_simulation.o)
 .debug_line    0x00007247       0x54 D:/VScode/Code/c_and_c++/homework/rm_big/source/motor_control/Motor_simulation/motor_simulationM3.lib(motor_simulation.o)
 .debug_line    0x0000729b       0x54 D:/VScode/Code/c_and_c++/homework/rm_big/source/motor_control/Motor_simulation/motor_simulationM3.lib(motor_simulation.o)
 .debug_line    0x000072ef       0x54 D:/VScode/Code/c_and_c++/homework/rm_big/source/motor_control/Motor_simulation/motor_simulationM3.lib(motor_simulation.o)
 .debug_line    0x00007343       0x54 D:/VScode/Code/c_and_c++/homework/rm_big/source/motor_control/Motor_simulation/motor_simulationM3.lib(motor_simulation.o)
                0x00007343                __ARM_grp..debug_line$stdint.h$.2_8G1000_iVMQGGhr3g5_300000
 .debug_line    0x00007397       0x54 D:/VScode/Code/c_and_c++/homework/rm_big/source/motor_control/Motor_simulation/motor_simulationM3.lib(motor_simulation.o)
                0x00007397                __ARM_grp..debug_line$stdlib.h$.2_AV0000_0_hgF4meTA6_300000
 .debug_line    0x000073eb       0x54 D:/VScode/Code/c_and_c++/homework/rm_big/source/motor_control/Motor_simulation/motor_simulationM3.lib(motor_simulation.o)
                0x000073eb                __ARM_grp..debug_line$math.h$.2_FA3000_TchhkGiMi$e_700000
 .debug_line    0x0000743f       0x8c D:/VScode/Code/c_and_c++/homework/rm_big/source/motor_control/Motor_simulation/motor_simulationM3.lib(motor_simulation.o)
                0x0000743f                __ARM_grp..debug_line$motor_simulation.h$.2_QD0000_GJAm99c4135_300000
 .debug_line    0x000074cb       0x78 D:/VScode/Code/c_and_c++/homework/rm_big/source/motor_control/Motor_simulation/motor_simulationM3.lib(motor_simulation.o)
                0x000074cb                __ARM_grp..debug_line$motor_simulation.c$.2_UI0000_ynNuPqWoOo8_700000
 .debug_line    0x00007543       0x54 D:/VScode/Code/c_and_c++/homework/rm_big/source/motor_control/Motor_simulation/motor_simulationM3.lib(motor_simulation.o)
                0x00007543                __ARM_grp..debug_line$fabsf$.2_oT0000_wJ9jF93aDp2_500000

.debug_str      0x00000000     0x2313
 .debug_str     0x00000000     0x2313 build/main.o
                                0x89f (size before relaxing)
 .debug_str     0x00002313      0x639 build/stm32f1xx_it.o
 .debug_str     0x00002313      0xa7f build/stm32f1xx_hal_msp.o
 .debug_str     0x00002313      0xcd0 build/stm32f1xx_hal_uart.o
 .debug_str     0x00002313      0x8ee build/stm32f1xx_hal.o
 .debug_str     0x00002313      0x607 build/stm32f1xx_hal_rcc.o
 .debug_str     0x00002313      0x3dc build/stm32f1xx_hal_gpio.o
 .debug_str     0x00002313      0x5d9 build/stm32f1xx_hal_dma.o
 .debug_str     0x00002313      0x993 build/stm32f1xx_hal_cortex.o
 .debug_str     0x00002313      0x230 build/system_stm32f1xx.o
 .debug_str     0x00002313      0x2af build/bsp_dwt.o
 .debug_str     0x00002313       0x6e build/startup_stm32f103xe.o
 .debug_str     0x00002313      0x193 C:/msys64/mingw64/bin/../lib/gcc/arm-none-eabi/13.3.0/../../../../arm-none-eabi/lib/thumb/v7-m/nofp\libc_nano.a(libc_a-memset.o)
 .debug_str     0x00002313      0x1e0 C:/msys64/mingw64/bin/../lib/gcc/arm-none-eabi/13.3.0/../../../../arm-none-eabi/lib/thumb/v7-m/nofp\libc_nano.a(libc_a-init.o)

.comment        0x00000000      0x311
 .comment       0x00000000       0x24 build/main.o
                                 0x13 (size before relaxing)
 .comment       0x00000024       0x13 build/stm32f1xx_it.o
 .comment       0x00000024       0x13 build/stm32f1xx_hal_msp.o
 .comment       0x00000024       0x13 build/stm32f1xx_hal_uart.o
 .comment       0x00000024       0x13 build/stm32f1xx_hal.o
 .comment       0x00000024       0x13 build/stm32f1xx_hal_rcc.o
 .comment       0x00000024       0x13 build/stm32f1xx_hal_gpio.o
 .comment       0x00000024       0x13 build/stm32f1xx_hal_dma.o
 .comment       0x00000024       0x13 build/stm32f1xx_hal_cortex.o
 .comment       0x00000024       0x13 build/system_stm32f1xx.o
 .comment       0x00000024       0x13 build/bsp_dwt.o
 .comment       0x00000024       0x13 C:/msys64/mingw64/bin/../lib/gcc/arm-none-eabi/13.3.0/../../../../arm-none-eabi/lib/thumb/v7-m/nofp\libc_nano.a(libc_a-memset.o)
 .comment       0x00000024       0x13 C:/msys64/mingw64/bin/../lib/gcc/arm-none-eabi/13.3.0/../../../../arm-none-eabi/lib/thumb/v7-m/nofp\libc_nano.a(libc_a-init.o)
 .comment       0x00000024      0x2ed D:/VScode/Code/c_and_c++/homework/rm_big/source/motor_control/Motor_simulation/motor_simulationM3.lib(motor_simulation.o)

.arm_vfe_header
                0x00000000        0x4
 .arm_vfe_header
                0x00000000        0x4 D:/VScode/Code/c_and_c++/homework/rm_big/source/motor_control/Motor_simulation/motor_simulationM3.lib(motor_simulation.o)

.debug_frame    0x00000000     0x116c
 .debug_frame   0x00000000       0x88 build/main.o
 .debug_frame   0x00000088       0xc0 build/stm32f1xx_it.o
 .debug_frame   0x00000148       0x64 build/stm32f1xx_hal_msp.o
 .debug_frame   0x000001ac      0x5dc build/stm32f1xx_hal_uart.o
 .debug_frame   0x00000788      0x1cc build/stm32f1xx_hal.o
 .debug_frame   0x00000954      0x184 build/stm32f1xx_hal_rcc.o
 .debug_frame   0x00000ad8       0xe4 build/stm32f1xx_hal_gpio.o
 .debug_frame   0x00000bbc      0x140 build/stm32f1xx_hal_dma.o
 .debug_frame   0x00000cfc      0x19c build/stm32f1xx_hal_cortex.o
 .debug_frame   0x00000e98       0x30 build/system_stm32f1xx.o
 .debug_frame   0x00000ec8       0x40 build/bsp_dwt.o
 .debug_frame   0x00000f08       0x2c C:/msys64/mingw64/bin/../lib/gcc/arm-none-eabi/13.3.0/../../../../arm-none-eabi/lib/thumb/v7-m/nofp\libc_nano.a(libc_a-memset.o)
 .debug_frame   0x00000f34       0x2c C:/msys64/mingw64/bin/../lib/gcc/arm-none-eabi/13.3.0/../../../../arm-none-eabi/lib/thumb/v7-m/nofp\libc_nano.a(libc_a-init.o)
 .debug_frame   0x00000f60       0x44 D:/VScode/Code/c_and_c++/homework/rm_big/source/motor_control/Motor_simulation/motor_simulationM3.lib(motor_simulation.o)
 .debug_frame   0x00000fa4       0x50 D:/VScode/Code/c_and_c++/homework/rm_big/source/motor_control/Motor_simulation/motor_simulationM3.lib(motor_simulation.o)
 .debug_frame   0x00000ff4       0x54 D:/VScode/Code/c_and_c++/homework/rm_big/source/motor_control/Motor_simulation/motor_simulationM3.lib(motor_simulation.o)
 .debug_frame   0x00001048       0x58 D:/VScode/Code/c_and_c++/homework/rm_big/source/motor_control/Motor_simulation/motor_simulationM3.lib(motor_simulation.o)
 .debug_frame   0x000010a0       0x44 D:/VScode/Code/c_and_c++/homework/rm_big/source/motor_control/Motor_simulation/motor_simulationM3.lib(motor_simulation.o)
 .debug_frame   0x000010e4       0x44 D:/VScode/Code/c_and_c++/homework/rm_big/source/motor_control/Motor_simulation/motor_simulationM3.lib(motor_simulation.o)
 .debug_frame   0x00001128       0x44 D:/VScode/Code/c_and_c++/homework/rm_big/source/motor_control/Motor_simulation/motor_simulationM3.lib(motor_simulation.o)

.debug_loclists
                0x00000000      0x230
 .debug_loclists
                0x00000000      0x1cb C:/msys64/mingw64/bin/../lib/gcc/arm-none-eabi/13.3.0/../../../../arm-none-eabi/lib/thumb/v7-m/nofp\libc_nano.a(libc_a-memset.o)
 .debug_loclists
                0x000001cb       0x65 C:/msys64/mingw64/bin/../lib/gcc/arm-none-eabi/13.3.0/../../../../arm-none-eabi/lib/thumb/v7-m/nofp\libc_nano.a(libc_a-init.o)

.debug_macinfo  0x00000000     0x1b0c
 .debug_macinfo
                0x00000000      0x440 D:/VScode/Code/c_and_c++/homework/rm_big/source/motor_control/Motor_simulation/motor_simulationM3.lib(motor_simulation.o)
 .debug_macinfo
                0x00000440      0x898 D:/VScode/Code/c_and_c++/homework/rm_big/source/motor_control/Motor_simulation/motor_simulationM3.lib(motor_simulation.o)
                0x00000440                __ARM_grp..debug_macinfo$stdint.h$.2_8G1000_iVMQGGhr3g5_300000
 .debug_macinfo
                0x00000cd8      0x2a8 D:/VScode/Code/c_and_c++/homework/rm_big/source/motor_control/Motor_simulation/motor_simulationM3.lib(motor_simulation.o)
                0x00000cd8                __ARM_grp..debug_macinfo$stdlib.h$.2_AV0000_0_hgF4meTA6_300000
 .debug_macinfo
                0x00000f80      0xaf8 D:/VScode/Code/c_and_c++/homework/rm_big/source/motor_control/Motor_simulation/motor_simulationM3.lib(motor_simulation.o)
                0x00000f80                __ARM_grp..debug_macinfo$math.h$.2_FA3000_TchhkGiMi$e_700000
 .debug_macinfo
                0x00001a78       0x88 D:/VScode/Code/c_and_c++/homework/rm_big/source/motor_control/Motor_simulation/motor_simulationM3.lib(motor_simulation.o)
                0x00001a78                __ARM_grp..debug_macinfo$motor_simulation.h$.2_QD0000_GJAm99c4135_300000
 .debug_macinfo
                0x00001b00        0xc D:/VScode/Code/c_and_c++/homework/rm_big/source/motor_control/Motor_simulation/motor_simulationM3.lib(motor_simulation.o)
                0x00001b00                __ARM_grp..debug_macinfo$motor_simulation.c$.2_UI0000_ynNuPqWoOo8_700000

.debug_pubnames
                0x00000000      0x187
 .debug_pubnames
                0x00000000       0x28 D:/VScode/Code/c_and_c++/homework/rm_big/source/motor_control/Motor_simulation/motor_simulationM3.lib(motor_simulation.o)
 .debug_pubnames
                0x00000028       0x27 D:/VScode/Code/c_and_c++/homework/rm_big/source/motor_control/Motor_simulation/motor_simulationM3.lib(motor_simulation.o)
 .debug_pubnames
                0x0000004f       0x28 D:/VScode/Code/c_and_c++/homework/rm_big/source/motor_control/Motor_simulation/motor_simulationM3.lib(motor_simulation.o)
 .debug_pubnames
                0x00000077       0x29 D:/VScode/Code/c_and_c++/homework/rm_big/source/motor_control/Motor_simulation/motor_simulationM3.lib(motor_simulation.o)
 .debug_pubnames
                0x000000a0       0x26 D:/VScode/Code/c_and_c++/homework/rm_big/source/motor_control/Motor_simulation/motor_simulationM3.lib(motor_simulation.o)
 .debug_pubnames
                0x000000c6       0xa5 D:/VScode/Code/c_and_c++/homework/rm_big/source/motor_control/Motor_simulation/motor_simulationM3.lib(motor_simulation.o)
                0x000000c6                __ARM_grp..debug_pubnames$math.h$.2_FA3000_TchhkGiMi$e_700000
 .debug_pubnames
                0x0000016b       0x1c D:/VScode/Code/c_and_c++/homework/rm_big/source/motor_control/Motor_simulation/motor_simulationM3.lib(motor_simulation.o)
                0x0000016b                __ARM_grp..debug_pubnames$fabsf$.2_oT0000_wJ9jF93aDp2_500000

Cross Reference Table

Symbol                                            File
ADC1_2_IRQHandler                                 build/startup_stm32f103xe.o
ADC3_IRQHandler                                   build/startup_stm32f103xe.o
AHBPrescTable                                     build/system_stm32f1xx.o
                                                  build/stm32f1xx_hal_rcc.o
APBPrescTable                                     build/system_stm32f1xx.o
                                                  build/stm32f1xx_hal_rcc.o
BusFault_Handler                                  build/stm32f1xx_it.o
CAN1_RX1_IRQHandler                               build/startup_stm32f103xe.o
CAN1_SCE_IRQHandler                               build/startup_stm32f103xe.o
CPU_FREQ_Hz                                       build/bsp_dwt.o
DMA1_Channel1_IRQHandler                          build/startup_stm32f103xe.o
DMA1_Channel2_IRQHandler                          build/startup_stm32f103xe.o
DMA1_Channel3_IRQHandler                          build/startup_stm32f103xe.o
DMA1_Channel4_IRQHandler                          build/startup_stm32f103xe.o
DMA1_Channel5_IRQHandler                          build/startup_stm32f103xe.o
DMA1_Channel6_IRQHandler                          build/startup_stm32f103xe.o
DMA1_Channel7_IRQHandler                          build/startup_stm32f103xe.o
DMA2_Channel1_IRQHandler                          build/startup_stm32f103xe.o
DMA2_Channel2_IRQHandler                          build/startup_stm32f103xe.o
DMA2_Channel3_IRQHandler                          build/startup_stm32f103xe.o
DMA2_Channel4_5_IRQHandler                        build/startup_stm32f103xe.o
DWT_CNT                                           build/main.o
DWT_GetDeltaT                                     build/bsp_dwt.o
DWT_Init                                          build/bsp_dwt.o
                                                  build/main.o
DebugMon_Handler                                  build/stm32f1xx_it.o
Default_Handler                                   build/startup_stm32f103xe.o
EXTI0_IRQHandler                                  build/startup_stm32f103xe.o
EXTI15_10_IRQHandler                              build/startup_stm32f103xe.o
EXTI1_IRQHandler                                  build/startup_stm32f103xe.o
EXTI2_IRQHandler                                  build/startup_stm32f103xe.o
EXTI3_IRQHandler                                  build/startup_stm32f103xe.o
EXTI4_IRQHandler                                  build/startup_stm32f103xe.o
EXTI9_5_IRQHandler                                build/startup_stm32f103xe.o
Error_Handler                                     build/main.o
FLASH_IRQHandler                                  build/startup_stm32f103xe.o
FLASH_PageErase                                   build/stm32f1xx_hal_flash_ex.o
                                                  build/stm32f1xx_hal_flash.o
FLASH_WaitForLastOperation                        build/stm32f1xx_hal_flash.o
                                                  build/stm32f1xx_hal_flash_ex.o
FSMC_IRQHandler                                   build/startup_stm32f103xe.o
Get_Motor_Angle                                   D:/VScode/Code/c_and_c++/homework/rm_big/source/motor_control/Motor_simulation/motor_simulationM3.lib(motor_simulation.o)
Get_Motor_Current                                 D:/VScode/Code/c_and_c++/homework/rm_big/source/motor_control/Motor_simulation/motor_simulationM3.lib(motor_simulation.o)
Get_Motor_Velocity                                D:/VScode/Code/c_and_c++/homework/rm_big/source/motor_control/Motor_simulation/motor_simulationM3.lib(motor_simulation.o)
HAL_DBGMCU_DisableDBGSleepMode                    build/stm32f1xx_hal.o
HAL_DBGMCU_DisableDBGStandbyMode                  build/stm32f1xx_hal.o
HAL_DBGMCU_DisableDBGStopMode                     build/stm32f1xx_hal.o
HAL_DBGMCU_EnableDBGSleepMode                     build/stm32f1xx_hal.o
HAL_DBGMCU_EnableDBGStandbyMode                   build/stm32f1xx_hal.o
HAL_DBGMCU_EnableDBGStopMode                      build/stm32f1xx_hal.o
HAL_DMA_Abort                                     build/stm32f1xx_hal_dma.o
                                                  build/stm32f1xx_hal_uart.o
HAL_DMA_Abort_IT                                  build/stm32f1xx_hal_dma.o
                                                  build/stm32f1xx_hal_uart.o
HAL_DMA_DeInit                                    build/stm32f1xx_hal_dma.o
HAL_DMA_GetError                                  build/stm32f1xx_hal_dma.o
                                                  build/stm32f1xx_hal_uart.o
HAL_DMA_GetState                                  build/stm32f1xx_hal_dma.o
HAL_DMA_IRQHandler                                build/stm32f1xx_hal_dma.o
HAL_DMA_Init                                      build/stm32f1xx_hal_dma.o
HAL_DMA_PollForTransfer                           build/stm32f1xx_hal_dma.o
HAL_DMA_RegisterCallback                          build/stm32f1xx_hal_dma.o
HAL_DMA_Start                                     build/stm32f1xx_hal_dma.o
HAL_DMA_Start_IT                                  build/stm32f1xx_hal_dma.o
                                                  build/stm32f1xx_hal_uart.o
HAL_DMA_UnRegisterCallback                        build/stm32f1xx_hal_dma.o
HAL_DeInit                                        build/stm32f1xx_hal.o
HAL_Delay                                         build/stm32f1xx_hal.o
HAL_EXTI_ClearConfigLine                          build/stm32f1xx_hal_exti.o
HAL_EXTI_ClearPending                             build/stm32f1xx_hal_exti.o
HAL_EXTI_GenerateSWI                              build/stm32f1xx_hal_exti.o
HAL_EXTI_GetConfigLine                            build/stm32f1xx_hal_exti.o
HAL_EXTI_GetHandle                                build/stm32f1xx_hal_exti.o
HAL_EXTI_GetPending                               build/stm32f1xx_hal_exti.o
HAL_EXTI_IRQHandler                               build/stm32f1xx_hal_exti.o
HAL_EXTI_RegisterCallback                         build/stm32f1xx_hal_exti.o
HAL_EXTI_SetConfigLine                            build/stm32f1xx_hal_exti.o
HAL_FLASHEx_Erase                                 build/stm32f1xx_hal_flash_ex.o
HAL_FLASHEx_Erase_IT                              build/stm32f1xx_hal_flash_ex.o
HAL_FLASHEx_OBErase                               build/stm32f1xx_hal_flash_ex.o
HAL_FLASHEx_OBGetConfig                           build/stm32f1xx_hal_flash_ex.o
HAL_FLASHEx_OBGetUserData                         build/stm32f1xx_hal_flash_ex.o
HAL_FLASHEx_OBProgram                             build/stm32f1xx_hal_flash_ex.o
HAL_FLASH_EndOfOperationCallback                  build/stm32f1xx_hal_flash.o
HAL_FLASH_GetError                                build/stm32f1xx_hal_flash.o
HAL_FLASH_IRQHandler                              build/stm32f1xx_hal_flash.o
HAL_FLASH_Lock                                    build/stm32f1xx_hal_flash.o
HAL_FLASH_OB_Launch                               build/stm32f1xx_hal_flash.o
HAL_FLASH_OB_Lock                                 build/stm32f1xx_hal_flash.o
HAL_FLASH_OB_Unlock                               build/stm32f1xx_hal_flash.o
HAL_FLASH_OperationErrorCallback                  build/stm32f1xx_hal_flash.o
HAL_FLASH_Program                                 build/stm32f1xx_hal_flash.o
HAL_FLASH_Program_IT                              build/stm32f1xx_hal_flash.o
HAL_FLASH_Unlock                                  build/stm32f1xx_hal_flash.o
HAL_GPIOEx_ConfigEventout                         build/stm32f1xx_hal_gpio_ex.o
HAL_GPIOEx_DisableEventout                        build/stm32f1xx_hal_gpio_ex.o
HAL_GPIOEx_EnableEventout                         build/stm32f1xx_hal_gpio_ex.o
HAL_GPIO_DeInit                                   build/stm32f1xx_hal_gpio.o
                                                  build/stm32f1xx_hal_msp.o
HAL_GPIO_EXTI_Callback                            build/stm32f1xx_hal_gpio.o
HAL_GPIO_EXTI_IRQHandler                          build/stm32f1xx_hal_gpio.o
HAL_GPIO_Init                                     build/stm32f1xx_hal_gpio.o
                                                  build/stm32f1xx_hal_rcc.o
                                                  build/stm32f1xx_hal_msp.o
HAL_GPIO_LockPin                                  build/stm32f1xx_hal_gpio.o
HAL_GPIO_ReadPin                                  build/stm32f1xx_hal_gpio.o
HAL_GPIO_TogglePin                                build/stm32f1xx_hal_gpio.o
HAL_GPIO_WritePin                                 build/stm32f1xx_hal_gpio.o
HAL_GetDEVID                                      build/stm32f1xx_hal.o
HAL_GetHalVersion                                 build/stm32f1xx_hal.o
HAL_GetREVID                                      build/stm32f1xx_hal.o
HAL_GetTick                                       build/stm32f1xx_hal.o
                                                  build/stm32f1xx_hal_flash.o
                                                  build/stm32f1xx_hal_dma.o
                                                  build/stm32f1xx_hal_rcc_ex.o
                                                  build/stm32f1xx_hal_rcc.o
                                                  build/stm32f1xx_hal_uart.o
HAL_GetTickFreq                                   build/stm32f1xx_hal.o
HAL_GetTickPrio                                   build/stm32f1xx_hal.o
HAL_GetUIDw0                                      build/stm32f1xx_hal.o
HAL_GetUIDw1                                      build/stm32f1xx_hal.o
HAL_GetUIDw2                                      build/stm32f1xx_hal.o
HAL_HalfDuplex_EnableReceiver                     build/stm32f1xx_hal_uart.o
HAL_HalfDuplex_EnableTransmitter                  build/stm32f1xx_hal_uart.o
HAL_HalfDuplex_Init                               build/stm32f1xx_hal_uart.o
HAL_IncTick                                       build/stm32f1xx_hal.o
                                                  build/stm32f1xx_it.o
HAL_Init                                          build/stm32f1xx_hal.o
                                                  build/main.o
HAL_InitTick                                      build/stm32f1xx_hal.o
                                                  build/stm32f1xx_hal_rcc.o
HAL_LIN_Init                                      build/stm32f1xx_hal_uart.o
HAL_LIN_SendBreak                                 build/stm32f1xx_hal_uart.o
HAL_MspDeInit                                     build/stm32f1xx_hal.o
HAL_MspInit                                       build/stm32f1xx_hal_msp.o
HAL_MultiProcessor_EnterMuteMode                  build/stm32f1xx_hal_uart.o
HAL_MultiProcessor_ExitMuteMode                   build/stm32f1xx_hal_uart.o
HAL_MultiProcessor_Init                           build/stm32f1xx_hal_uart.o
HAL_NVIC_ClearPendingIRQ                          build/stm32f1xx_hal_cortex.o
HAL_NVIC_DisableIRQ                               build/stm32f1xx_hal_cortex.o
                                                  build/stm32f1xx_hal_msp.o
HAL_NVIC_EnableIRQ                                build/stm32f1xx_hal_cortex.o
                                                  build/stm32f1xx_hal_msp.o
HAL_NVIC_GetActive                                build/stm32f1xx_hal_cortex.o
HAL_NVIC_GetPendingIRQ                            build/stm32f1xx_hal_cortex.o
HAL_NVIC_GetPriority                              build/stm32f1xx_hal_cortex.o
HAL_NVIC_GetPriorityGrouping                      build/stm32f1xx_hal_cortex.o
HAL_NVIC_SetPendingIRQ                            build/stm32f1xx_hal_cortex.o
HAL_NVIC_SetPriority                              build/stm32f1xx_hal_cortex.o
                                                  build/stm32f1xx_hal.o
                                                  build/stm32f1xx_hal_msp.o
HAL_NVIC_SetPriorityGrouping                      build/stm32f1xx_hal_cortex.o
                                                  build/stm32f1xx_hal.o
HAL_NVIC_SystemReset                              build/stm32f1xx_hal_cortex.o
                                                  build/stm32f1xx_hal_flash.o
HAL_PWR_ConfigPVD                                 build/stm32f1xx_hal_pwr.o
HAL_PWR_DeInit                                    build/stm32f1xx_hal_pwr.o
HAL_PWR_DisableBkUpAccess                         build/stm32f1xx_hal_pwr.o
HAL_PWR_DisablePVD                                build/stm32f1xx_hal_pwr.o
HAL_PWR_DisableSEVOnPend                          build/stm32f1xx_hal_pwr.o
HAL_PWR_DisableSleepOnExit                        build/stm32f1xx_hal_pwr.o
HAL_PWR_DisableWakeUpPin                          build/stm32f1xx_hal_pwr.o
HAL_PWR_EnableBkUpAccess                          build/stm32f1xx_hal_pwr.o
HAL_PWR_EnablePVD                                 build/stm32f1xx_hal_pwr.o
HAL_PWR_EnableSEVOnPend                           build/stm32f1xx_hal_pwr.o
HAL_PWR_EnableSleepOnExit                         build/stm32f1xx_hal_pwr.o
HAL_PWR_EnableWakeUpPin                           build/stm32f1xx_hal_pwr.o
HAL_PWR_EnterSLEEPMode                            build/stm32f1xx_hal_pwr.o
HAL_PWR_EnterSTANDBYMode                          build/stm32f1xx_hal_pwr.o
HAL_PWR_EnterSTOPMode                             build/stm32f1xx_hal_pwr.o
HAL_PWR_PVDCallback                               build/stm32f1xx_hal_pwr.o
HAL_PWR_PVD_IRQHandler                            build/stm32f1xx_hal_pwr.o
HAL_RCCEx_GetPeriphCLKConfig                      build/stm32f1xx_hal_rcc_ex.o
HAL_RCCEx_GetPeriphCLKFreq                        build/stm32f1xx_hal_rcc_ex.o
HAL_RCCEx_PeriphCLKConfig                         build/stm32f1xx_hal_rcc_ex.o
HAL_RCC_CSSCallback                               build/stm32f1xx_hal_rcc.o
HAL_RCC_ClockConfig                               build/stm32f1xx_hal_rcc.o
                                                  build/main.o
HAL_RCC_DeInit                                    build/stm32f1xx_hal_rcc.o
HAL_RCC_DisableCSS                                build/stm32f1xx_hal_rcc.o
HAL_RCC_EnableCSS                                 build/stm32f1xx_hal_rcc.o
HAL_RCC_GetClockConfig                            build/stm32f1xx_hal_rcc.o
HAL_RCC_GetHCLKFreq                               build/stm32f1xx_hal_rcc.o
HAL_RCC_GetOscConfig                              build/stm32f1xx_hal_rcc.o
HAL_RCC_GetPCLK1Freq                              build/stm32f1xx_hal_rcc.o
                                                  build/stm32f1xx_hal_uart.o
HAL_RCC_GetPCLK2Freq                              build/stm32f1xx_hal_rcc.o
                                                  build/stm32f1xx_hal_rcc_ex.o
                                                  build/stm32f1xx_hal_uart.o
HAL_RCC_GetSysClockFreq                           build/stm32f1xx_hal_rcc.o
                                                  build/stm32f1xx_hal_rcc_ex.o
HAL_RCC_MCOConfig                                 build/stm32f1xx_hal_rcc.o
HAL_RCC_NMI_IRQHandler                            build/stm32f1xx_hal_rcc.o
HAL_RCC_OscConfig                                 build/stm32f1xx_hal_rcc.o
                                                  build/main.o
HAL_ResumeTick                                    build/stm32f1xx_hal.o
HAL_SYSTICK_CLKSourceConfig                       build/stm32f1xx_hal_cortex.o
HAL_SYSTICK_Callback                              build/stm32f1xx_hal_cortex.o
HAL_SYSTICK_Config                                build/stm32f1xx_hal_cortex.o
                                                  build/stm32f1xx_hal.o
HAL_SYSTICK_IRQHandler                            build/stm32f1xx_hal_cortex.o
HAL_SetTickFreq                                   build/stm32f1xx_hal.o
HAL_SuspendTick                                   build/stm32f1xx_hal.o
HAL_UARTEx_GetRxEventType                         build/stm32f1xx_hal_uart.o
HAL_UARTEx_ReceiveToIdle                          build/stm32f1xx_hal_uart.o
HAL_UARTEx_ReceiveToIdle_DMA                      build/stm32f1xx_hal_uart.o
HAL_UARTEx_ReceiveToIdle_IT                       build/stm32f1xx_hal_uart.o
HAL_UARTEx_RxEventCallback                        build/stm32f1xx_hal_uart.o
HAL_UART_Abort                                    build/stm32f1xx_hal_uart.o
HAL_UART_AbortCpltCallback                        build/stm32f1xx_hal_uart.o
HAL_UART_AbortReceive                             build/stm32f1xx_hal_uart.o
HAL_UART_AbortReceiveCpltCallback                 build/stm32f1xx_hal_uart.o
HAL_UART_AbortReceive_IT                          build/stm32f1xx_hal_uart.o
HAL_UART_AbortTransmit                            build/stm32f1xx_hal_uart.o
HAL_UART_AbortTransmitCpltCallback                build/stm32f1xx_hal_uart.o
HAL_UART_AbortTransmit_IT                         build/stm32f1xx_hal_uart.o
HAL_UART_Abort_IT                                 build/stm32f1xx_hal_uart.o
HAL_UART_DMAPause                                 build/stm32f1xx_hal_uart.o
HAL_UART_DMAResume                                build/stm32f1xx_hal_uart.o
HAL_UART_DMAStop                                  build/stm32f1xx_hal_uart.o
HAL_UART_DeInit                                   build/stm32f1xx_hal_uart.o
HAL_UART_ErrorCallback                            build/stm32f1xx_hal_uart.o
HAL_UART_GetError                                 build/stm32f1xx_hal_uart.o
HAL_UART_GetState                                 build/stm32f1xx_hal_uart.o
HAL_UART_IRQHandler                               build/stm32f1xx_hal_uart.o
                                                  build/stm32f1xx_it.o
HAL_UART_Init                                     build/stm32f1xx_hal_uart.o
                                                  build/main.o
HAL_UART_MspDeInit                                build/stm32f1xx_hal_msp.o
HAL_UART_MspInit                                  build/stm32f1xx_hal_msp.o
HAL_UART_Receive                                  build/stm32f1xx_hal_uart.o
HAL_UART_Receive_DMA                              build/stm32f1xx_hal_uart.o
HAL_UART_Receive_IT                               build/stm32f1xx_hal_uart.o
HAL_UART_RxCpltCallback                           build/stm32f1xx_hal_uart.o
HAL_UART_RxHalfCpltCallback                       build/stm32f1xx_hal_uart.o
HAL_UART_Transmit                                 build/stm32f1xx_hal_uart.o
HAL_UART_Transmit_DMA                             build/stm32f1xx_hal_uart.o
HAL_UART_Transmit_IT                              build/stm32f1xx_hal_uart.o
HAL_UART_TxCpltCallback                           build/stm32f1xx_hal_uart.o
HAL_UART_TxHalfCpltCallback                       build/stm32f1xx_hal_uart.o
HardFault_Handler                                 build/stm32f1xx_it.o
I2C1_ER_IRQHandler                                build/startup_stm32f103xe.o
I2C1_EV_IRQHandler                                build/startup_stm32f103xe.o
I2C2_ER_IRQHandler                                build/startup_stm32f103xe.o
I2C2_EV_IRQHandler                                build/startup_stm32f103xe.o
Lib$$Request$$armlib                              D:/VScode/Code/c_and_c++/homework/rm_big/source/motor_control/Motor_simulation/motor_simulationM3.lib(motor_simulation.o)
MemManage_Handler                                 build/stm32f1xx_it.o
Motor                                             build/main.o
Motor_Object_Init                                 D:/VScode/Code/c_and_c++/homework/rm_big/source/motor_control/Motor_simulation/motor_simulationM3.lib(motor_simulation.o)
                                                  build/main.o
Motor_Simulation                                  D:/VScode/Code/c_and_c++/homework/rm_big/source/motor_control/Motor_simulation/motor_simulationM3.lib(motor_simulation.o)
NMI_Handler                                       build/stm32f1xx_it.o
PID                                               build/main.o
PVD_IRQHandler                                    build/startup_stm32f103xe.o
PendSV_Handler                                    build/stm32f1xx_it.o
RCC_IRQHandler                                    build/startup_stm32f103xe.o
RTC_Alarm_IRQHandler                              build/startup_stm32f103xe.o
RTC_IRQHandler                                    build/startup_stm32f103xe.o
Reset_Handler                                     build/startup_stm32f103xe.o
SDIO_IRQHandler                                   build/startup_stm32f103xe.o
SPI1_IRQHandler                                   build/startup_stm32f103xe.o
SPI2_IRQHandler                                   build/startup_stm32f103xe.o
SPI3_IRQHandler                                   build/startup_stm32f103xe.o
SVC_Handler                                       build/stm32f1xx_it.o
SysTick_Handler                                   build/stm32f1xx_it.o
SystemClock_Config                                build/main.o
SystemCoreClock                                   build/system_stm32f1xx.o
                                                  build/stm32f1xx_hal_rcc.o
                                                  build/stm32f1xx_hal.o
SystemCoreClockUpdate                             build/system_stm32f1xx.o
SystemInit                                        build/system_stm32f1xx.o
                                                  build/startup_stm32f103xe.o
TAMPER_IRQHandler                                 build/startup_stm32f103xe.o
TIM1_BRK_IRQHandler                               build/startup_stm32f103xe.o
TIM1_CC_IRQHandler                                build/startup_stm32f103xe.o
TIM1_TRG_COM_IRQHandler                           build/startup_stm32f103xe.o
TIM1_UP_IRQHandler                                build/startup_stm32f103xe.o
TIM2_IRQHandler                                   build/startup_stm32f103xe.o
TIM3_IRQHandler                                   build/startup_stm32f103xe.o
TIM4_IRQHandler                                   build/startup_stm32f103xe.o
TIM5_IRQHandler                                   build/startup_stm32f103xe.o
TIM6_IRQHandler                                   build/startup_stm32f103xe.o
TIM7_IRQHandler                                   build/startup_stm32f103xe.o
TIM8_BRK_IRQHandler                               build/startup_stm32f103xe.o
TIM8_CC_IRQHandler                                build/startup_stm32f103xe.o
TIM8_TRG_COM_IRQHandler                           build/startup_stm32f103xe.o
TIM8_UP_IRQHandler                                build/startup_stm32f103xe.o
UART4_IRQHandler                                  build/startup_stm32f103xe.o
UART5_IRQHandler                                  build/startup_stm32f103xe.o
UART_Start_Receive_DMA                            build/stm32f1xx_hal_uart.o
UART_Start_Receive_IT                             build/stm32f1xx_hal_uart.o
USART1_IRQHandler                                 build/stm32f1xx_it.o
USART2_IRQHandler                                 build/startup_stm32f103xe.o
USART3_IRQHandler                                 build/startup_stm32f103xe.o
USBWakeUp_IRQHandler                              build/startup_stm32f103xe.o
USB_HP_CAN1_TX_IRQHandler                         build/startup_stm32f103xe.o
USB_LP_CAN1_RX0_IRQHandler                        build/startup_stm32f103xe.o
UsageFault_Handler                                build/stm32f1xx_it.o
WWDG_IRQHandler                                   build/startup_stm32f103xe.o
_Min_Stack_Size                                   build/sysmem.o
__ARM_grp..debug_abbrev.group.2_Am0000_lbphKItke$2_000000 D:/VScode/Code/c_and_c++/homework/rm_big/source/motor_control/Motor_simulation/motor_simulationM3.lib(motor_simulation.o)
__ARM_grp..debug_info$fabsf$.2_oT0000_wJ9jF93aDp2_500000 D:/VScode/Code/c_and_c++/homework/rm_big/source/motor_control/Motor_simulation/motor_simulationM3.lib(motor_simulation.o)
__ARM_grp..debug_info$math.h$.2_FA3000_TchhkGiMi$e_700000 D:/VScode/Code/c_and_c++/homework/rm_big/source/motor_control/Motor_simulation/motor_simulationM3.lib(motor_simulation.o)
__ARM_grp..debug_info$motor_simulation.c$.2_UI0000_ynNuPqWoOo8_700000 D:/VScode/Code/c_and_c++/homework/rm_big/source/motor_control/Motor_simulation/motor_simulationM3.lib(motor_simulation.o)
__ARM_grp..debug_info$motor_simulation.h$.2_QD0000_GJAm99c4135_300000 D:/VScode/Code/c_and_c++/homework/rm_big/source/motor_control/Motor_simulation/motor_simulationM3.lib(motor_simulation.o)
__ARM_grp..debug_info$stdint.h$.2_8G1000_iVMQGGhr3g5_300000 D:/VScode/Code/c_and_c++/homework/rm_big/source/motor_control/Motor_simulation/motor_simulationM3.lib(motor_simulation.o)
__ARM_grp..debug_info$stdlib.h$.2_AV0000_0_hgF4meTA6_300000 D:/VScode/Code/c_and_c++/homework/rm_big/source/motor_control/Motor_simulation/motor_simulationM3.lib(motor_simulation.o)
__ARM_grp..debug_line$fabsf$.2_oT0000_wJ9jF93aDp2_500000 D:/VScode/Code/c_and_c++/homework/rm_big/source/motor_control/Motor_simulation/motor_simulationM3.lib(motor_simulation.o)
__ARM_grp..debug_line$math.h$.2_FA3000_TchhkGiMi$e_700000 D:/VScode/Code/c_and_c++/homework/rm_big/source/motor_control/Motor_simulation/motor_simulationM3.lib(motor_simulation.o)
__ARM_grp..debug_line$motor_simulation.c$.2_UI0000_ynNuPqWoOo8_700000 D:/VScode/Code/c_and_c++/homework/rm_big/source/motor_control/Motor_simulation/motor_simulationM3.lib(motor_simulation.o)
__ARM_grp..debug_line$motor_simulation.h$.2_QD0000_GJAm99c4135_300000 D:/VScode/Code/c_and_c++/homework/rm_big/source/motor_control/Motor_simulation/motor_simulationM3.lib(motor_simulation.o)
__ARM_grp..debug_line$stdint.h$.2_8G1000_iVMQGGhr3g5_300000 D:/VScode/Code/c_and_c++/homework/rm_big/source/motor_control/Motor_simulation/motor_simulationM3.lib(motor_simulation.o)
__ARM_grp..debug_line$stdlib.h$.2_AV0000_0_hgF4meTA6_300000 D:/VScode/Code/c_and_c++/homework/rm_big/source/motor_control/Motor_simulation/motor_simulationM3.lib(motor_simulation.o)
__ARM_grp..debug_macinfo$math.h$.2_FA3000_TchhkGiMi$e_700000 D:/VScode/Code/c_and_c++/homework/rm_big/source/motor_control/Motor_simulation/motor_simulationM3.lib(motor_simulation.o)
__ARM_grp..debug_macinfo$motor_simulation.c$.2_UI0000_ynNuPqWoOo8_700000 D:/VScode/Code/c_and_c++/homework/rm_big/source/motor_control/Motor_simulation/motor_simulationM3.lib(motor_simulation.o)
__ARM_grp..debug_macinfo$motor_simulation.h$.2_QD0000_GJAm99c4135_300000 D:/VScode/Code/c_and_c++/homework/rm_big/source/motor_control/Motor_simulation/motor_simulationM3.lib(motor_simulation.o)
__ARM_grp..debug_macinfo$stdint.h$.2_8G1000_iVMQGGhr3g5_300000 D:/VScode/Code/c_and_c++/homework/rm_big/source/motor_control/Motor_simulation/motor_simulationM3.lib(motor_simulation.o)
__ARM_grp..debug_macinfo$stdlib.h$.2_AV0000_0_hgF4meTA6_300000 D:/VScode/Code/c_and_c++/homework/rm_big/source/motor_control/Motor_simulation/motor_simulationM3.lib(motor_simulation.o)
__ARM_grp..debug_pubnames$fabsf$.2_oT0000_wJ9jF93aDp2_500000 D:/VScode/Code/c_and_c++/homework/rm_big/source/motor_control/Motor_simulation/motor_simulationM3.lib(motor_simulation.o)
__ARM_grp..debug_pubnames$math.h$.2_FA3000_TchhkGiMi$e_700000 D:/VScode/Code/c_and_c++/homework/rm_big/source/motor_control/Motor_simulation/motor_simulationM3.lib(motor_simulation.o)
__ARM_grp.fabsf.2_oT0000_wJ9jF93aDp2_500000       D:/VScode/Code/c_and_c++/homework/rm_big/source/motor_control/Motor_simulation/motor_simulationM3.lib(motor_simulation.o)
__ARM_grp.math.h.2_FA3000_TchhkGiMi$e_700000      D:/VScode/Code/c_and_c++/homework/rm_big/source/motor_control/Motor_simulation/motor_simulationM3.lib(motor_simulation.o)
__ARM_grp.motor_simulation.c.2_UI0000_ynNuPqWoOo8_700000 D:/VScode/Code/c_and_c++/homework/rm_big/source/motor_control/Motor_simulation/motor_simulationM3.lib(motor_simulation.o)
__ARM_grp.motor_simulation.h.2_QD0000_GJAm99c4135_300000 D:/VScode/Code/c_and_c++/homework/rm_big/source/motor_control/Motor_simulation/motor_simulationM3.lib(motor_simulation.o)
__ARM_grp.stdint.h.2_8G1000_iVMQGGhr3g5_300000    D:/VScode/Code/c_and_c++/homework/rm_big/source/motor_control/Motor_simulation/motor_simulationM3.lib(motor_simulation.o)
__ARM_grp.stdlib.h.2_AV0000_0_hgF4meTA6_300000    D:/VScode/Code/c_and_c++/homework/rm_big/source/motor_control/Motor_simulation/motor_simulationM3.lib(motor_simulation.o)
__ARM_scalbn                                      D:/VScode/Code/c_and_c++/homework/rm_big/source/motor_control/Motor_simulation/motor_simulationM3.lib(motor_simulation.o)
__ARM_scalbnf                                     D:/VScode/Code/c_and_c++/homework/rm_big/source/motor_control/Motor_simulation/motor_simulationM3.lib(motor_simulation.o)
__adddf3                                          C:/msys64/mingw64/bin/../lib/gcc/arm-none-eabi/13.3.0/thumb/v7-m/nofp\libgcc.a(_arm_addsubdf3.o)
__addsf3                                          C:/msys64/mingw64/bin/../lib/gcc/arm-none-eabi/13.3.0/thumb/v7-m/nofp\libgcc.a(_arm_addsubsf3.o)
__aeabi_cfcmpeq                                   C:/msys64/mingw64/bin/../lib/gcc/arm-none-eabi/13.3.0/thumb/v7-m/nofp\libgcc.a(_arm_cmpsf2.o)
__aeabi_cfcmple                                   C:/msys64/mingw64/bin/../lib/gcc/arm-none-eabi/13.3.0/thumb/v7-m/nofp\libgcc.a(_arm_cmpsf2.o)
                                                  D:/VScode/Code/c_and_c++/homework/rm_big/source/motor_control/Motor_simulation/motor_simulationM3.lib(motor_simulation.o)
__aeabi_cfrcmple                                  C:/msys64/mingw64/bin/../lib/gcc/arm-none-eabi/13.3.0/thumb/v7-m/nofp\libgcc.a(_arm_cmpsf2.o)
                                                  D:/VScode/Code/c_and_c++/homework/rm_big/source/motor_control/Motor_simulation/motor_simulationM3.lib(motor_simulation.o)
__aeabi_d2f                                       C:/msys64/mingw64/bin/../lib/gcc/arm-none-eabi/13.3.0/thumb/v7-m/nofp\libgcc.a(_arm_truncdfsf2.o)
                                                  D:/VScode/Code/c_and_c++/homework/rm_big/source/motor_control/Motor_simulation/motor_simulationM3.lib(motor_simulation.o)
__aeabi_dadd                                      C:/msys64/mingw64/bin/../lib/gcc/arm-none-eabi/13.3.0/thumb/v7-m/nofp\libgcc.a(_arm_addsubdf3.o)
__aeabi_dmul                                      C:/msys64/mingw64/bin/../lib/gcc/arm-none-eabi/13.3.0/thumb/v7-m/nofp\libgcc.a(_arm_muldf3.o)
                                                  D:/VScode/Code/c_and_c++/homework/rm_big/source/motor_control/Motor_simulation/motor_simulationM3.lib(motor_simulation.o)
__aeabi_drsub                                     C:/msys64/mingw64/bin/../lib/gcc/arm-none-eabi/13.3.0/thumb/v7-m/nofp\libgcc.a(_arm_addsubdf3.o)
__aeabi_dsub                                      C:/msys64/mingw64/bin/../lib/gcc/arm-none-eabi/13.3.0/thumb/v7-m/nofp\libgcc.a(_arm_addsubdf3.o)
__aeabi_f2d                                       C:/msys64/mingw64/bin/../lib/gcc/arm-none-eabi/13.3.0/thumb/v7-m/nofp\libgcc.a(_arm_addsubdf3.o)
                                                  D:/VScode/Code/c_and_c++/homework/rm_big/source/motor_control/Motor_simulation/motor_simulationM3.lib(motor_simulation.o)
__aeabi_f2iz                                      C:/msys64/mingw64/bin/../lib/gcc/arm-none-eabi/13.3.0/thumb/v7-m/nofp\libgcc.a(_arm_fixsfsi.o)
                                                  C:/msys64/mingw64/bin/../lib/gcc/arm-none-eabi/13.3.0/../../../../arm-none-eabi/lib/thumb/v7-m/nofp\libm.a(libm_a-kf_rem_pio2.o)
                                                  C:/msys64/mingw64/bin/../lib/gcc/arm-none-eabi/13.3.0/../../../../arm-none-eabi/lib/thumb/v7-m/nofp\libm.a(libm_a-ef_rem_pio2.o)
                                                  C:/msys64/mingw64/bin/../lib/gcc/arm-none-eabi/13.3.0/../../../../arm-none-eabi/lib/thumb/v7-m/nofp\libm.a(libm_a-kf_sin.o)
                                                  C:/msys64/mingw64/bin/../lib/gcc/arm-none-eabi/13.3.0/../../../../arm-none-eabi/lib/thumb/v7-m/nofp\libm.a(libm_a-kf_cos.o)
                                                  D:/VScode/Code/c_and_c++/homework/rm_big/source/motor_control/Motor_simulation/motor_simulationM3.lib(motor_simulation.o)
__aeabi_fadd                                      C:/msys64/mingw64/bin/../lib/gcc/arm-none-eabi/13.3.0/thumb/v7-m/nofp\libgcc.a(_arm_addsubsf3.o)
                                                  C:/msys64/mingw64/bin/../lib/gcc/arm-none-eabi/13.3.0/../../../../arm-none-eabi/lib/thumb/v7-m/nofp\libm.a(libm_a-sf_floor.o)
                                                  C:/msys64/mingw64/bin/../lib/gcc/arm-none-eabi/13.3.0/../../../../arm-none-eabi/lib/thumb/v7-m/nofp\libm.a(libm_a-sf_scalbn.o)
                                                  C:/msys64/mingw64/bin/../lib/gcc/arm-none-eabi/13.3.0/../../../../arm-none-eabi/lib/thumb/v7-m/nofp\libm.a(libm_a-kf_rem_pio2.o)
                                                  C:/msys64/mingw64/bin/../lib/gcc/arm-none-eabi/13.3.0/../../../../arm-none-eabi/lib/thumb/v7-m/nofp\libm.a(libm_a-ef_rem_pio2.o)
                                                  C:/msys64/mingw64/bin/../lib/gcc/arm-none-eabi/13.3.0/../../../../arm-none-eabi/lib/thumb/v7-m/nofp\libm.a(libm_a-ef_log.o)
                                                  C:/msys64/mingw64/bin/../lib/gcc/arm-none-eabi/13.3.0/../../../../arm-none-eabi/lib/thumb/v7-m/nofp\libm.a(libm_a-kf_sin.o)
                                                  C:/msys64/mingw64/bin/../lib/gcc/arm-none-eabi/13.3.0/../../../../arm-none-eabi/lib/thumb/v7-m/nofp\libm.a(libm_a-kf_cos.o)
                                                  C:/msys64/mingw64/bin/../lib/gcc/arm-none-eabi/13.3.0/../../../../arm-none-eabi/lib/thumb/v7-m/nofp\libm.a(libm_a-ef_sqrt.o)
                                                  D:/VScode/Code/c_and_c++/homework/rm_big/source/motor_control/Motor_simulation/motor_simulationM3.lib(motor_simulation.o)
                                                  build/pid.o
__aeabi_fcmpeq                                    C:/msys64/mingw64/bin/../lib/gcc/arm-none-eabi/13.3.0/thumb/v7-m/nofp\libgcc.a(_arm_cmpsf2.o)
                                                  C:/msys64/mingw64/bin/../lib/gcc/arm-none-eabi/13.3.0/../../../../arm-none-eabi/lib/thumb/v7-m/nofp\libm.a(libm_a-kf_rem_pio2.o)
                                                  C:/msys64/mingw64/bin/../lib/gcc/arm-none-eabi/13.3.0/../../../../arm-none-eabi/lib/thumb/v7-m/nofp\libm.a(libm_a-ef_rem_pio2.o)
                                                  C:/msys64/mingw64/bin/../lib/gcc/arm-none-eabi/13.3.0/../../../../arm-none-eabi/lib/thumb/v7-m/nofp\libm.a(libm_a-ef_log.o)
                                                  C:/msys64/mingw64/bin/../lib/gcc/arm-none-eabi/13.3.0/../../../../arm-none-eabi/lib/thumb/v7-m/nofp\libm.a(libm_a-wf_log.o)
__aeabi_fcmpge                                    C:/msys64/mingw64/bin/../lib/gcc/arm-none-eabi/13.3.0/thumb/v7-m/nofp\libgcc.a(_arm_cmpsf2.o)
                                                  C:/msys64/mingw64/bin/../lib/gcc/arm-none-eabi/13.3.0/../../../../arm-none-eabi/lib/thumb/v7-m/nofp\libm.a(libm_a-kf_rem_pio2.o)
__aeabi_fcmpgt                                    C:/msys64/mingw64/bin/../lib/gcc/arm-none-eabi/13.3.0/thumb/v7-m/nofp\libgcc.a(_arm_cmpsf2.o)
                                                  C:/msys64/mingw64/bin/../lib/gcc/arm-none-eabi/13.3.0/../../../../arm-none-eabi/lib/thumb/v7-m/nofp\libm.a(libm_a-sf_floor.o)
                                                  C:/msys64/mingw64/bin/../lib/gcc/arm-none-eabi/13.3.0/../../../../arm-none-eabi/lib/thumb/v7-m/nofp\libm.a(libm_a-wf_log.o)
                                                  build/pid.o
__aeabi_fcmple                                    C:/msys64/mingw64/bin/../lib/gcc/arm-none-eabi/13.3.0/thumb/v7-m/nofp\libgcc.a(_arm_cmpsf2.o)
                                                  C:/msys64/mingw64/bin/../lib/gcc/arm-none-eabi/13.3.0/../../../../arm-none-eabi/lib/thumb/v7-m/nofp\libm.a(libm_a-ef_sqrt.o)
__aeabi_fcmplt                                    C:/msys64/mingw64/bin/../lib/gcc/arm-none-eabi/13.3.0/thumb/v7-m/nofp\libgcc.a(_arm_cmpsf2.o)
                                                  C:/msys64/mingw64/bin/../lib/gcc/arm-none-eabi/13.3.0/../../../../arm-none-eabi/lib/thumb/v7-m/nofp\libm.a(libm_a-ef_sqrt.o)
                                                  C:/msys64/mingw64/bin/../lib/gcc/arm-none-eabi/13.3.0/../../../../arm-none-eabi/lib/thumb/v7-m/nofp\libm.a(libm_a-wf_sqrt.o)
                                                  build/pid.o
__aeabi_fcmpun                                    C:/msys64/mingw64/bin/../lib/gcc/arm-none-eabi/13.3.0/thumb/v7-m/nofp\libgcc.a(_arm_unordsf2.o)
                                                  C:/msys64/mingw64/bin/../lib/gcc/arm-none-eabi/13.3.0/../../../../arm-none-eabi/lib/thumb/v7-m/nofp\libm.a(libm_a-wf_sqrt.o)
                                                  C:/msys64/mingw64/bin/../lib/gcc/arm-none-eabi/13.3.0/../../../../arm-none-eabi/lib/thumb/v7-m/nofp\libm.a(libm_a-wf_log.o)
__aeabi_fdiv                                      C:/msys64/mingw64/bin/../lib/gcc/arm-none-eabi/13.3.0/thumb/v7-m/nofp\libgcc.a(_arm_muldivsf3.o)
                                                  C:/msys64/mingw64/bin/../lib/gcc/arm-none-eabi/13.3.0/../../../../arm-none-eabi/lib/thumb/v7-m/nofp\libm.a(libm_a-ef_log.o)
                                                  C:/msys64/mingw64/bin/../lib/gcc/arm-none-eabi/13.3.0/../../../../arm-none-eabi/lib/thumb/v7-m/nofp\libm.a(libm_a-ef_sqrt.o)
                                                  C:/msys64/mingw64/bin/../lib/gcc/arm-none-eabi/13.3.0/../../../../arm-none-eabi/lib/thumb/v7-m/nofp\libm.a(libm_a-wf_sqrt.o)
                                                  D:/VScode/Code/c_and_c++/homework/rm_big/source/motor_control/Motor_simulation/motor_simulationM3.lib(motor_simulation.o)
                                                  build/bsp_dwt.o
                                                  build/pid.o
__aeabi_fmul                                      C:/msys64/mingw64/bin/../lib/gcc/arm-none-eabi/13.3.0/thumb/v7-m/nofp\libgcc.a(_arm_muldivsf3.o)
                                                  C:/msys64/mingw64/bin/../lib/gcc/arm-none-eabi/13.3.0/thumb/v7-m/nofp\libgcc.a(_arm_mulsf3.o)
                                                  C:/msys64/mingw64/bin/../lib/gcc/arm-none-eabi/13.3.0/../../../../arm-none-eabi/lib/thumb/v7-m/nofp\libm.a(libm_a-sf_scalbn.o)
                                                  C:/msys64/mingw64/bin/../lib/gcc/arm-none-eabi/13.3.0/../../../../arm-none-eabi/lib/thumb/v7-m/nofp\libm.a(libm_a-kf_rem_pio2.o)
                                                  C:/msys64/mingw64/bin/../lib/gcc/arm-none-eabi/13.3.0/../../../../arm-none-eabi/lib/thumb/v7-m/nofp\libm.a(libm_a-ef_rem_pio2.o)
                                                  C:/msys64/mingw64/bin/../lib/gcc/arm-none-eabi/13.3.0/../../../../arm-none-eabi/lib/thumb/v7-m/nofp\libm.a(libm_a-ef_log.o)
                                                  C:/msys64/mingw64/bin/../lib/gcc/arm-none-eabi/13.3.0/../../../../arm-none-eabi/lib/thumb/v7-m/nofp\libm.a(libm_a-kf_sin.o)
                                                  C:/msys64/mingw64/bin/../lib/gcc/arm-none-eabi/13.3.0/../../../../arm-none-eabi/lib/thumb/v7-m/nofp\libm.a(libm_a-kf_cos.o)
                                                  C:/msys64/mingw64/bin/../lib/gcc/arm-none-eabi/13.3.0/../../../../arm-none-eabi/lib/thumb/v7-m/nofp\libm.a(libm_a-ef_sqrt.o)
                                                  D:/VScode/Code/c_and_c++/homework/rm_big/source/motor_control/Motor_simulation/motor_simulationM3.lib(motor_simulation.o)
                                                  build/pid.o
__aeabi_frsub                                     C:/msys64/mingw64/bin/../lib/gcc/arm-none-eabi/13.3.0/thumb/v7-m/nofp\libgcc.a(_arm_addsubsf3.o)
                                                  D:/VScode/Code/c_and_c++/homework/rm_big/source/motor_control/Motor_simulation/motor_simulationM3.lib(motor_simulation.o)
__aeabi_fsub                                      C:/msys64/mingw64/bin/../lib/gcc/arm-none-eabi/13.3.0/thumb/v7-m/nofp\libgcc.a(_arm_addsubsf3.o)
                                                  C:/msys64/mingw64/bin/../lib/gcc/arm-none-eabi/13.3.0/../../../../arm-none-eabi/lib/thumb/v7-m/nofp\libm.a(libm_a-kf_rem_pio2.o)
                                                  C:/msys64/mingw64/bin/../lib/gcc/arm-none-eabi/13.3.0/../../../../arm-none-eabi/lib/thumb/v7-m/nofp\libm.a(libm_a-ef_rem_pio2.o)
                                                  C:/msys64/mingw64/bin/../lib/gcc/arm-none-eabi/13.3.0/../../../../arm-none-eabi/lib/thumb/v7-m/nofp\libm.a(libm_a-ef_log.o)
                                                  C:/msys64/mingw64/bin/../lib/gcc/arm-none-eabi/13.3.0/../../../../arm-none-eabi/lib/thumb/v7-m/nofp\libm.a(libm_a-kf_sin.o)
                                                  C:/msys64/mingw64/bin/../lib/gcc/arm-none-eabi/13.3.0/../../../../arm-none-eabi/lib/thumb/v7-m/nofp\libm.a(libm_a-kf_cos.o)
                                                  C:/msys64/mingw64/bin/../lib/gcc/arm-none-eabi/13.3.0/../../../../arm-none-eabi/lib/thumb/v7-m/nofp\libm.a(libm_a-ef_sqrt.o)
                                                  C:/msys64/mingw64/bin/../lib/gcc/arm-none-eabi/13.3.0/../../../../arm-none-eabi/lib/thumb/v7-m/nofp\libm.a(libm_a-sf_sin.o)
                                                  C:/msys64/mingw64/bin/../lib/gcc/arm-none-eabi/13.3.0/../../../../arm-none-eabi/lib/thumb/v7-m/nofp\libm.a(libm_a-sf_cos.o)
                                                  D:/VScode/Code/c_and_c++/homework/rm_big/source/motor_control/Motor_simulation/motor_simulationM3.lib(motor_simulation.o)
                                                  build/pid.o
__aeabi_i2d                                       C:/msys64/mingw64/bin/../lib/gcc/arm-none-eabi/13.3.0/thumb/v7-m/nofp\libgcc.a(_arm_addsubdf3.o)
                                                  D:/VScode/Code/c_and_c++/homework/rm_big/source/motor_control/Motor_simulation/motor_simulationM3.lib(motor_simulation.o)
__aeabi_i2f                                       C:/msys64/mingw64/bin/../lib/gcc/arm-none-eabi/13.3.0/thumb/v7-m/nofp\libgcc.a(_arm_addsubsf3.o)
                                                  C:/msys64/mingw64/bin/../lib/gcc/arm-none-eabi/13.3.0/../../../../arm-none-eabi/lib/thumb/v7-m/nofp\libm.a(libm_a-kf_rem_pio2.o)
                                                  C:/msys64/mingw64/bin/../lib/gcc/arm-none-eabi/13.3.0/../../../../arm-none-eabi/lib/thumb/v7-m/nofp\libm.a(libm_a-ef_rem_pio2.o)
                                                  C:/msys64/mingw64/bin/../lib/gcc/arm-none-eabi/13.3.0/../../../../arm-none-eabi/lib/thumb/v7-m/nofp\libm.a(libm_a-ef_log.o)
                                                  D:/VScode/Code/c_and_c++/homework/rm_big/source/motor_control/Motor_simulation/motor_simulationM3.lib(motor_simulation.o)
__aeabi_l2d                                       C:/msys64/mingw64/bin/../lib/gcc/arm-none-eabi/13.3.0/thumb/v7-m/nofp\libgcc.a(_arm_addsubdf3.o)
__aeabi_l2f                                       C:/msys64/mingw64/bin/../lib/gcc/arm-none-eabi/13.3.0/thumb/v7-m/nofp\libgcc.a(_arm_addsubsf3.o)
__aeabi_ui2d                                      C:/msys64/mingw64/bin/../lib/gcc/arm-none-eabi/13.3.0/thumb/v7-m/nofp\libgcc.a(_arm_addsubdf3.o)
__aeabi_ui2f                                      C:/msys64/mingw64/bin/../lib/gcc/arm-none-eabi/13.3.0/thumb/v7-m/nofp\libgcc.a(_arm_addsubsf3.o)
                                                  build/bsp_dwt.o
__aeabi_ul2d                                      C:/msys64/mingw64/bin/../lib/gcc/arm-none-eabi/13.3.0/thumb/v7-m/nofp\libgcc.a(_arm_addsubdf3.o)
__aeabi_ul2f                                      C:/msys64/mingw64/bin/../lib/gcc/arm-none-eabi/13.3.0/thumb/v7-m/nofp\libgcc.a(_arm_addsubsf3.o)
__assert                                          C:/msys64/mingw64/bin/../lib/gcc/arm-none-eabi/13.3.0/../../../../arm-none-eabi/lib/thumb/v7-m/nofp\libc_nano.a(libc_a-assert.o)
__assert_func                                     C:/msys64/mingw64/bin/../lib/gcc/arm-none-eabi/13.3.0/../../../../arm-none-eabi/lib/thumb/v7-m/nofp\libc_nano.a(libc_a-assert.o)
                                                  C:/msys64/mingw64/bin/../lib/gcc/arm-none-eabi/13.3.0/../../../../arm-none-eabi/lib/thumb/v7-m/nofp\libc_nano.a(libc_a-rand.o)
__atexit                                          C:/msys64/mingw64/bin/../lib/gcc/arm-none-eabi/13.3.0/../../../../arm-none-eabi/lib/thumb/v7-m/nofp\libc_nano.a(libc_a-__call_atexit.o)
                                                  C:/msys64/mingw64/bin/../lib/gcc/arm-none-eabi/13.3.0/../../../../arm-none-eabi/lib/thumb/v7-m/nofp\libc_nano.a(libc_a-__atexit.o)
__atexit0                                         C:/msys64/mingw64/bin/../lib/gcc/arm-none-eabi/13.3.0/../../../../arm-none-eabi/lib/thumb/v7-m/nofp\libc_nano.a(libc_a-__atexit.o)
__atexit_dummy                                    C:/msys64/mingw64/bin/../lib/gcc/arm-none-eabi/13.3.0/../../../../arm-none-eabi/lib/thumb/v7-m/nofp\libc_nano.a(libc_a-__atexit.o)
__atexit_recursive_mutex                          C:/msys64/mingw64/bin/../lib/gcc/arm-none-eabi/13.3.0/../../../../arm-none-eabi/lib/thumb/v7-m/nofp\libc_nano.a(libc_a-__call_atexit.o)
                                                  C:/msys64/mingw64/bin/../lib/gcc/arm-none-eabi/13.3.0/../../../../arm-none-eabi/lib/thumb/v7-m/nofp\libc_nano.a(libc_a-__atexit.o)
__bss_end__                                       C:/msys64/mingw64/bin/../lib/gcc/arm-none-eabi/13.3.0/../../../../arm-none-eabi/lib/thumb/v7-m/nofp/crt0.o
__bss_start__                                     C:/msys64/mingw64/bin/../lib/gcc/arm-none-eabi/13.3.0/../../../../arm-none-eabi/lib/thumb/v7-m/nofp/crt0.o
__call_exitprocs                                  C:/msys64/mingw64/bin/../lib/gcc/arm-none-eabi/13.3.0/../../../../arm-none-eabi/lib/thumb/v7-m/nofp\libc_nano.a(libc_a-__call_atexit.o)
                                                  C:/msys64/mingw64/bin/../lib/gcc/arm-none-eabi/13.3.0/../../../../arm-none-eabi/lib/thumb/v7-m/nofp\libc_nano.a(libc_a-__atexit.o)
                                                  C:/msys64/mingw64/bin/../lib/gcc/arm-none-eabi/13.3.0/../../../../arm-none-eabi/lib/thumb/v7-m/nofp\libc_nano.a(libc_a-exit.o)
__cmpsf2                                          C:/msys64/mingw64/bin/../lib/gcc/arm-none-eabi/13.3.0/thumb/v7-m/nofp\libgcc.a(_arm_cmpsf2.o)
__deregister_frame_info                           C:/msys64/mingw64/bin/../lib/gcc/arm-none-eabi/13.3.0/thumb/v7-m/nofp/crtbegin.o
__divsf3                                          C:/msys64/mingw64/bin/../lib/gcc/arm-none-eabi/13.3.0/thumb/v7-m/nofp\libgcc.a(_arm_muldivsf3.o)
__dso_handle                                      C:/msys64/mingw64/bin/../lib/gcc/arm-none-eabi/13.3.0/thumb/v7-m/nofp/crtbegin.o
__env                                             build/syscalls.o
__eqsf2                                           C:/msys64/mingw64/bin/../lib/gcc/arm-none-eabi/13.3.0/thumb/v7-m/nofp\libgcc.a(_arm_cmpsf2.o)
__errno                                           C:/msys64/mingw64/bin/../lib/gcc/arm-none-eabi/13.3.0/../../../../arm-none-eabi/lib/thumb/v7-m/nofp\libc_nano.a(libc_a-errno.o)
                                                  C:/msys64/mingw64/bin/../lib/gcc/arm-none-eabi/13.3.0/../../../../arm-none-eabi/lib/thumb/v7-m/nofp\libm.a(libm_a-wf_sqrt.o)
                                                  C:/msys64/mingw64/bin/../lib/gcc/arm-none-eabi/13.3.0/../../../../arm-none-eabi/lib/thumb/v7-m/nofp\libm.a(libm_a-wf_log.o)
                                                  build/syscalls.o
                                                  build/sysmem.o
__extendsfdf2                                     C:/msys64/mingw64/bin/../lib/gcc/arm-none-eabi/13.3.0/thumb/v7-m/nofp\libgcc.a(_arm_addsubdf3.o)
__fini_array_end                                  C:/msys64/mingw64/bin/../lib/gcc/arm-none-eabi/13.3.0/../../../../arm-none-eabi/lib/thumb/v7-m/nofp\libc_nano.a(libc_a-fini.o)
__fini_array_start                                C:/msys64/mingw64/bin/../lib/gcc/arm-none-eabi/13.3.0/../../../../arm-none-eabi/lib/thumb/v7-m/nofp\libc_nano.a(libc_a-fini.o)
__fixsfsi                                         C:/msys64/mingw64/bin/../lib/gcc/arm-none-eabi/13.3.0/thumb/v7-m/nofp\libgcc.a(_arm_fixsfsi.o)
__floatdidf                                       C:/msys64/mingw64/bin/../lib/gcc/arm-none-eabi/13.3.0/thumb/v7-m/nofp\libgcc.a(_arm_addsubdf3.o)
__floatdisf                                       C:/msys64/mingw64/bin/../lib/gcc/arm-none-eabi/13.3.0/thumb/v7-m/nofp\libgcc.a(_arm_addsubsf3.o)
__floatsidf                                       C:/msys64/mingw64/bin/../lib/gcc/arm-none-eabi/13.3.0/thumb/v7-m/nofp\libgcc.a(_arm_addsubdf3.o)
__floatsisf                                       C:/msys64/mingw64/bin/../lib/gcc/arm-none-eabi/13.3.0/thumb/v7-m/nofp\libgcc.a(_arm_addsubsf3.o)
__floatundidf                                     C:/msys64/mingw64/bin/../lib/gcc/arm-none-eabi/13.3.0/thumb/v7-m/nofp\libgcc.a(_arm_addsubdf3.o)
__floatundisf                                     C:/msys64/mingw64/bin/../lib/gcc/arm-none-eabi/13.3.0/thumb/v7-m/nofp\libgcc.a(_arm_addsubsf3.o)